Microchip MPLAB XC8 Compiler V2.45

Linker command line:

-W-3 \
  --edf=C:\Program Files\Microchip\xc8\v2.45\pic\dat\20230818022343_en.msgs \
  -pivt0x8=08h -cn \
  -h+dist/default/production\lv-bms-firmware.X.production.sym \
  --cmf=dist/default/production\lv-bms-firmware.X.production.cmf -z \
  -Q18F47Q84 -oC:\Users\alexl\AppData\Local\Temp\xcBsmn0.1\driver_tmp_3.o \
  --defsym=__MPLAB_BUILD=1 --fixupoverflow=error \
  -Mdist/default/production/lv-bms-firmware.X.production.map \
  --md=C:\Users\alexl\AppData\Local\Temp\xcBsmn0.1\driver_tmp_0.dat -E1 \
  -ver=XC8 Compiler --acfsm=1493 -ACODE=00h-01FFFFh -ACONST=00h-01FFFFh \
  -ASMALLCONST=03700h-037FFhx457 \
  -AMEDIUMCONST=03700h-0FFFFh,013700h-01FFFFh -ACOMRAM=0501h-055Fh \
  -AABS1=0500h-036FFh -ABIGRAM=0501h-036FFh \
  -ARAM=0560h-05FFh,0600h-06FFhx49 -ABANK5=0560h-05FFh -ABANK6=0600h-06FFh \
  -ABANK7=0700h-07FFh -ABANK8=0800h-08FFh -ABANK9=0900h-09FFh \
  -ABANK10=0A00h-0AFFh -ABANK11=0B00h-0BFFh -ABANK12=0C00h-0CFFh \
  -ABANK13=0D00h-0DFFh -ABANK14=0E00h-0EFFh -ABANK15=0F00h-0FFFh \
  -ABANK16=01000h-010FFh -ABANK17=01100h-011FFh -ABANK18=01200h-012FFh \
  -ABANK19=01300h-013FFh -ABANK20=01400h-014FFh -ABANK21=01500h-015FFh \
  -ABANK22=01600h-016FFh -ABANK23=01700h-017FFh -ABANK24=01800h-018FFh \
  -ABANK25=01900h-019FFh -ABANK26=01A00h-01AFFh -ABANK27=01B00h-01BFFh \
  -ABANK28=01C00h-01CFFh -ABANK29=01D00h-01DFFh -ABANK30=01E00h-01EFFh \
  -ABANK31=01F00h-01FFFh -ABANK32=02000h-020FFh -ABANK33=02100h-021FFh \
  -ABANK34=02200h-022FFh -ABANK35=02300h-023FFh -ABANK36=02400h-024FFh \
  -ABANK37=02500h-025FFh -ABANK38=02600h-026FFh -ABANK39=02700h-027FFh \
  -ABANK40=02800h-028FFh -ABANK41=02900h-029FFh -ABANK42=02A00h-02AFFh \
  -ABANK43=02B00h-02BFFh -ABANK44=02C00h-02CFFh -ABANK45=02D00h-02DFFh \
  -ABANK46=02E00h-02EFFh -ABANK47=02F00h-02FFFh -ABANK48=03000h-030FFh \
  -ABANK49=03100h-031FFh -ABANK50=03200h-032FFh -ABANK51=03300h-033FFh \
  -ABANK52=03400h-034FFh -ABANK53=03500h-035FFh -ABANK54=03600h-036FFh \
  -ASFR=00h-0FFhx4,0400h-045Fh,0460h-04FFh,03700h-037FFhx9 \
  -ABIGSFR=00h-04FFh,03700h-03FFFh -ACONFIG=0300000h-0300023h \
  -AIDLOC=0200000h-020003Fh -AEEDATA=0380000h-03803FFh -peeprom_data=EEDATA \
  -preset_vec=00h -ppowerup=CODE,init -pramtop=03700h \
  -psmallconst=SMALLCONST -pmediumconst=MEDIUMCONST -pconst=CONST \
  -AFARRAM=00h-00h \
  -prdata=COMRAM,nvrram=COMRAM,nvbit=COMRAM,rbss=COMRAM,rbit=COMRAM \
  -pfarbss=FARRAM,fardata=FARRAM,nvFARRAM=FARRAM \
  -pintsave_regs=BIGRAM,bigbss=BIGRAM,bigdata=BIGRAM -pbss=RAM \
  -pidata=CODE,irdata=CODE,ibigdata=CODE,ifardata=CODE -prparam=COMRAM \
  C:\Users\alexl\AppData\Local\Temp\xcBsmn0.1\driver_tmp_9.o \
  dist/default/production\lv-bms-firmware.X.production.o 

Object code version is 3.11

Machine type is 18F47Q84



                Name                               Link     Load   Length Selector   Space Scale
C:\Users\alexl\AppData\Local\Temp\xcBsmn0.1\driver_tmp_9.o
                config                           300000   300000       1F        0       4
                init                                 1A       1A        4        4       0
                reset_vec                             0        0        4        0       0
dist/default/production\lv-bms-firmware.X.production.o
                config                           300000   300000       1F        0       4
                smallconst                         3700     3700        E     1B80       0
                ivt0x8                                8        8       12        4       0
                text41                             5F0A     5F0A       1E     370E       0
                text40                             5F5A     5F5A       18     370E       0
                text39                             5DEC     5DEC       50     370E       0
                text38                             5240     5240      22E     370E       0
                text37                             5834     5834       E6     370E       0
                text36                             5D9A     5D9A       52     370E       0
                text35                             603A     603A        2     370E       0
                text34                             5FD2     5FD2       10     370E       0
                text33                             5E96     5E96       2C     370E       0
                text32                             5D48     5D48       52     370E       0
                text31                             5EEA     5EEA       20     370E       0
                text30                             5F72     5F72       16     370E       0
                text29                             5FC2     5FC2       10     370E       0
                text28                             600C     600C        E     370E       0
                text27                             5FFE     5FFE        E     370E       0
                text26                             5FF0     5FF0        E     370E       0
                text25                             591A     591A       BE     370E       0
                text24                             5F9C     5F9C       14     370E       0
                text23                             601A     601A        A     370E       0
                text22                             5A80     5A80       98     370E       0
                text21                             5FE2     5FE2        E     370E       0
                text20                             5E3C     5E3C       2E     370E       0
                text19                             6038     6038        2     370E       0
                text18                             5E6A     5E6A       2C     370E       0
                text17                             5F88     5F88       14     370E       0
                text16                             5CF4     5CF4       54     370E       0
                text15                             6034     6034        4     370E       0
                text14                             5F42     5F42       18     370E       0
                text13                             5B18     5B18       86     370E       0
                text12                             5EC2     5EC2       28     370E       0
                text11                             5F28     5F28       1A     370E       0
                text10                             572E     572E      106     370E       0
                text9                              4B3A     4B3A      39C     370E       0
                text8                              470E     470E      42C     370E       0
                text7                              5626     5626      108     370E       0
                text6                              546E     546E      1B8     370E       0
                text5                              59D8     59D8       A8     370E       0
                text4                              5C88     5C88       6C     370E       0
                text3                              5B9E     5B9E       7A     370E       0
                text2                              5FB0     5FB0       12     370E       0
                text1                              602C     602C        8     370E       0
                text0                              4ED6     4ED6      36A     370E       0
                cstackCOMRAM                        501      501       32      501       1
                cstackBANK5                         560      560       61      560       1
                dataBIGRAM                          5DD      5DD     1000      5DD       1
                dataBANK5                           5D5      5D5        8      560       1
                bssBANK5                            5C1      5C1        B      560       1
                bssCOMRAM                           533      533        B      501       1
                cinit                              5C18     5C18       70     370E       0
                nvBANK5                             5CC      5CC        9      560       1
                idataBANK5                         6024     6024        8     370E       0
                idataBIGRAM                        370E     370E     1000     370E       0

TOTAL           Name                               Link     Load   Length     Space
        CLASS   CODE           
                init                                 1A       1A        4         0
                reset_vec                             0        0        4         0
                ivt0x8                                8        8       12         0
                text41                             5F0A     5F0A       1E         0
                text40                             5F5A     5F5A       18         0
                text39                             5DEC     5DEC       50         0
                text38                             5240     5240      22E         0
                text37                             5834     5834       E6         0
                text36                             5D9A     5D9A       52         0
                text35                             603A     603A        2         0
                text34                             5FD2     5FD2       10         0
                text33                             5E96     5E96       2C         0
                text32                             5D48     5D48       52         0
                text31                             5EEA     5EEA       20         0
                text30                             5F72     5F72       16         0
                text29                             5FC2     5FC2       10         0
                text28                             600C     600C        E         0
                text27                             5FFE     5FFE        E         0
                text26                             5FF0     5FF0        E         0
                text25                             591A     591A       BE         0
                text24                             5F9C     5F9C       14         0
                text23                             601A     601A        A         0
                text22                             5A80     5A80       98         0
                text21                             5FE2     5FE2        E         0
                text20                             5E3C     5E3C       2E         0
                text19                             6038     6038        2         0
                text18                             5E6A     5E6A       2C         0
                text17                             5F88     5F88       14         0
                text16                             5CF4     5CF4       54         0
                text15                             6034     6034        4         0
                text14                             5F42     5F42       18         0
                text13                             5B18     5B18       86         0
                text12                             5EC2     5EC2       28         0
                text11                             5F28     5F28       1A         0
                text10                             572E     572E      106         0
                text9                              4B3A     4B3A      39C         0
                text8                              470E     470E      42C         0
                text7                              5626     5626      108         0
                text6                              546E     546E      1B8         0
                text5                              59D8     59D8       A8         0
                text4                              5C88     5C88       6C         0
                text3                              5B9E     5B9E       7A         0
                text2                              5FB0     5FB0       12         0
                text1                              602C     602C        8         0
                text0                              4ED6     4ED6      36A         0
                cinit                              5C18     5C18       70         0
                idataBANK5                         6024     6024        8         0
                idataBIGRAM                        370E     370E     1000         0

        CLASS   CONST          

        CLASS   SMALLCONST     
                smallconst                         3700     3700        E         0

        CLASS   MEDIUMCONST    

        CLASS   COMRAM         
                cstackCOMRAM                        501      501       32         1
                bssCOMRAM                           533      533        B         1

        CLASS   ABS1           

        CLASS   BIGRAM         
                dataBIGRAM                          5DD      5DD     1000         1

        CLASS   RAM            

        CLASS   BANK5          
                cstackBANK5                         560      560       61         1
                dataBANK5                           5D5      5D5        8         1
                bssBANK5                            5C1      5C1        B         1
                nvBANK5                             5CC      5CC        9         1

        CLASS   BANK6          

        CLASS   BANK7          

        CLASS   BANK8          

        CLASS   BANK9          

        CLASS   BANK10         

        CLASS   BANK11         

        CLASS   BANK12         

        CLASS   BANK13         

        CLASS   BANK14         

        CLASS   BANK15         

        CLASS   BANK16         

        CLASS   BANK17         

        CLASS   BANK18         

        CLASS   BANK19         

        CLASS   BANK20         

        CLASS   BANK21         

        CLASS   BANK22         

        CLASS   BANK23         

        CLASS   BANK24         

        CLASS   BANK25         

        CLASS   BANK26         

        CLASS   BANK27         

        CLASS   BANK28         

        CLASS   BANK29         

        CLASS   BANK30         

        CLASS   BANK31         

        CLASS   BANK32         

        CLASS   BANK33         

        CLASS   BANK34         

        CLASS   BANK35         

        CLASS   BANK36         

        CLASS   BANK37         

        CLASS   BANK38         

        CLASS   BANK39         

        CLASS   BANK40         

        CLASS   BANK41         

        CLASS   BANK42         

        CLASS   BANK43         

        CLASS   BANK44         

        CLASS   BANK45         

        CLASS   BANK46         

        CLASS   BANK47         

        CLASS   BANK48         

        CLASS   BANK49         

        CLASS   BANK50         

        CLASS   BANK51         

        CLASS   BANK52         

        CLASS   BANK53         

        CLASS   BANK54         

        CLASS   SFR            

        CLASS   BIGSFR         

        CLASS   CONFIG         
                config                           300000   300000       1F         4

        CLASS   IDLOC          

        CLASS   EEDATA         

        CLASS   FARRAM         

        CLASS   HEAP           

        CLASS   STACK          



SEGMENTS        Name                           Load    Length   Top    Selector   Space  Class

                reset_vec                      000000  000004  000004         0       0  CODE    
                ivt0x8                         000008  000016  00001E         4       0  CODE    
                cstackCOMRAM                   000501  00003D  00053E       501       1  COMRAM  
                cstackBANK5                    000560  00007D  0005DD       560       1  BANK5   
                dataBIGRAM                     0005DD  001000  0015DD       5DD       1  BIGRAM  
                smallconst                     003700  00000E  00370E      1B80       0  SMALLCON
                idataBIGRAM                    00370E  00292E  00603C      370E       0  CODE    


UNUSED ADDRESS RANGES

        Name                Unused          Largest block    Delta
        BANK21           0015DD-0015FF               23
        BANK22           001600-0016FF              100
        BANK23           001700-0017FF              100
        BANK24           001800-0018FF              100
        BANK25           001900-0019FF              100
        BANK26           001A00-001AFF              100
        BANK27           001B00-001BFF              100
        BANK28           001C00-001CFF              100
        BANK29           001D00-001DFF              100
        BANK30           001E00-001EFF              100
        BANK31           001F00-001FFF              100
        BANK32           002000-0020FF              100
        BANK33           002100-0021FF              100
        BANK34           002200-0022FF              100
        BANK35           002300-0023FF              100
        BANK36           002400-0024FF              100
        BANK37           002500-0025FF              100
        BANK38           002600-0026FF              100
        BANK39           002700-0027FF              100
        BANK40           002800-0028FF              100
        BANK41           002900-0029FF              100
        BANK42           002A00-002AFF              100
        BANK43           002B00-002BFF              100
        BANK44           002C00-002CFF              100
        BANK45           002D00-002DFF              100
        BANK46           002E00-002EFF              100
        BANK47           002F00-002FFF              100
        BANK48           003000-0030FF              100
        BANK49           003100-0031FF              100
        BANK50           003200-0032FF              100
        BANK51           003300-0033FF              100
        BANK52           003400-0034FF              100
        BANK53           003500-0035FF              100
        BANK54           003600-0036FF              100
        BIGRAM           00053E-00055F               22
                         0015DD-0036FF             2123
        BIGSFR           000000-0004FF              500
                         003700-003FFF              900
        CODE             000004-000007                4
                         00001E-0036FF             36E2
                         00603C-01FFFF            19FC4
        COMRAM           00053E-00055F               22
        CONFIG           30001F-300023                5
        CONST            000004-000007                4
                         00001E-0036FF             36E2
                         00603C-01FFFF            19FC4
        EEDATA           380000-3803FF              400
        IDLOC            200000-20003F               40
        MEDIUMCONST      00603C-00FFFF             9FC4
                         013700-01FFFF             C900
        RAM              0015DD-0036FF              100
        SFR              000000-0004FF              100
                         003700-003FFF              100
        SMALLCONST       00603C-01FFFF              100

                                  Symbol Table

?_ADC_GetConversionResult                                 cstackBANK5  000560
?___fldiv                                                 cstackBANK5  000587
?___flmul                                                 cstackBANK5  00056E
?___fltol                                                 cstackBANK5  0005A0
?___lmul                                                  cstackBANK5  000560
?___xxtofl                                                cstackBANK5  000560
?_adc_to_cell_v                                           cstackBANK5  0005AA
?_adc_to_current                                          cstackBANK5  00056C
ADC_SetADIInterruptHandler@InterruptHandler               cstackBANK5  000560
ADC_SetActiveClockTuningInterruptHandler@InterruptHandler cstackBANK5  000560
ADC_SetContext1ThresholdInterruptHandler@InterruptHandler cstackBANK5  000560
ADC_StartConversion@channel                               cstackBANK5  000560
CAN1_OperationModeSet@opMode                              cstackBANK5  000560
CAN1_OperationModeSet@requestMode                         cstackBANK5  000562
CAN1_OperationModeSet@status                              cstackBANK5  000561
CAN1_RX_FIFO_ResetInfo@index                              cstackBANK5  000560
CAN1_ReceiveFrom@channel                                  cstackCOMRAM 000524
CAN1_ReceiveFrom@index                                    cstackCOMRAM 000525
CAN1_ReceiveFrom@rxCanMsg                                 cstackCOMRAM 000521
CAN1_SetFIFO1FullHandler@handler                          cstackBANK5  000560
CAN_RX_ISR@rx_msg                                         cstackCOMRAM 000526
GetRxFifoDepth@validChannel                               cstackCOMRAM 000502
GetRxFifoStatus@validChannel                              cstackCOMRAM 000501
IVTBASEH                                                  (abs)        00045E
IVTBASEL                                                  (abs)        00045D
IVTBASEU                                                  (abs)        00045F
ReadMessageFromFifo@msgId                                 cstackCOMRAM 000512
ReadMessageFromFifo@rxCanMsg                              cstackCOMRAM 00050E
ReadMessageFromFifo@rxFifoObj                             cstackCOMRAM 00050C
ReadMessageFromFifo@status                                cstackCOMRAM 000516
Receive@channel                                           cstackCOMRAM 000517
Receive@index                                             cstackCOMRAM 000520
Receive@rxCanMsg                                          cstackCOMRAM 000518
Receive@rxFifoObj                                         cstackCOMRAM 00051D
Receive@rxMsgStatus                                       cstackCOMRAM 00051F
Receive@status                                            cstackCOMRAM 00051C
_ADACCH                                                   (abs)        0003E4
_ADACCL                                                   (abs)        0003E3
_ADACCU                                                   (abs)        0003E5
_ADACQH                                                   (abs)        0003EF
_ADACQL                                                   (abs)        0003EE
_ADACT                                                    (abs)        0003F9
_ADCAP                                                    (abs)        0003F0
_ADCLK                                                    (abs)        0003FA
_ADCNT                                                    (abs)        0003E6
_ADCON0                                                   (abs)        0003F3
_ADCON0bits                                               (abs)        0003F3
_ADCON1                                                   (abs)        0003F4
_ADCON1bits                                               (abs)        0003F4
_ADCON2                                                   (abs)        0003F5
_ADCON2bits                                               (abs)        0003F5
_ADCON3                                                   (abs)        0003F6
_ADCON3bits                                               (abs)        0003F6
_ADCP                                                     (abs)        0003D8
_ADCPbits                                                 (abs)        0003D8
_ADCSEL1                                                  (abs)        0003FC
_ADCSEL1bits                                              (abs)        0003FC
_ADCTX                                                    (abs)        0003FB
_ADC_ActiveClockTuning_ISR                                nvBANK5      0005CC
_ADC_Context1Thereshld_ISR                                nvBANK5      0005CF
_ADC_ConversionComplete_ISR                               nvBANK5      0005D2
_ADC_DefaultADI_ISR                                       (abs)        000000
_ADC_DefaultActiveClockTuning_ISR                         (abs)        000000
_ADC_DefaultContext1Threshold_ISR                         (abs)        000000
_ADC_GetConversionResult                                  text31       005EEA
_ADC_Initialize                                           text25       00591A
_ADC_IsConversionDone                                     text30       005F72
_ADC_SetADIInterruptHandler                               text28       00600C
_ADC_SetActiveClockTuningInterruptHandler                 text27       005FFE
_ADC_SetContext1ThresholdInterruptHandler                 text26       005FF0
_ADC_StartConversion                                      text29       005FC2
_ADERRH                                                   (abs)        0003DE
_ADERRL                                                   (abs)        0003DD
_ADFLTRH                                                  (abs)        0003E2
_ADFLTRL                                                  (abs)        0003E1
_ADLTHH                                                   (abs)        0003DA
_ADLTHL                                                   (abs)        0003D9
_ADPCH                                                    (abs)        0003EC
_ADPREH                                                   (abs)        0003F2
_ADPREL                                                   (abs)        0003F1
_ADPREVH                                                  (abs)        0003E9
_ADPREVL                                                  (abs)        0003E8
_ADREF                                                    (abs)        0003F8
_ADRESH                                                   (abs)        0003EB
_ADRESL                                                   (abs)        0003EA
_ADRPT                                                    (abs)        0003E7
_ADSTAT                                                   (abs)        0003F7
_ADSTATbits                                               (abs)        0003F7
_ADSTPTH                                                  (abs)        0003E0
_ADSTPTL                                                  (abs)        0003DF
_ADUTHH                                                   (abs)        0003DC
_ADUTHL                                                   (abs)        0003DB
_ANSELA                                                   (abs)        000400
_ANSELB                                                   (abs)        000408
_ANSELC                                                   (abs)        000410
_ANSELD                                                   (abs)        000418
_ANSELE                                                   (abs)        000420
_C1CONH                                                   (abs)        000101
_C1CONHbits                                               (abs)        000101
_C1CONL                                                   (abs)        000100
_C1CONTbits                                               (abs)        000103
_C1CONU                                                   (abs)        000102
_C1CONUbits                                               (abs)        000102
_C1FIFOBA                                                 (abs)        00014C
_C1FIFOCON1H                                              (abs)        00015D
_C1FIFOCON1L                                              (abs)        00015C
_C1FIFOCON1T                                              (abs)        00015F
_C1FIFOCON1U                                              (abs)        00015E
_C1FIFOSTA1Lbits                                          (abs)        000160
_C1INTHbits                                               (abs)        00011D
_C1INTTbits                                               (abs)        00011F
_C1INTUbits                                               (abs)        00011E
_C1NBTCFGH                                                (abs)        000105
_C1NBTCFGL                                                (abs)        000104
_C1NBTCFGT                                                (abs)        000107
_C1NBTCFGU                                                (abs)        000106
_C1TRECUbits                                              (abs)        000136
_C1TXQCONH                                                (abs)        000151
_C1TXQCONL                                                (abs)        000150
_C1TXQCONT                                                (abs)        000153
_C1TXQCONU                                                (abs)        000152
_CAN1_BitRateConfiguration                                text24       005F9C
_CAN1_FIFO1FullHandler                                    bssCOMRAM    000533
_CAN1_Initialize                                          text16       005CF4
_CAN1_OperationModeGet                                    text23       00601A
_CAN1_OperationModeSet                                    text22       005A80
_CAN1_RXI_ISR                                             text33       005E96
_CAN1_RX_FIFO_Configuration                               text20       005E3C
_CAN1_RX_FIFO_FilterMaskConfiguration                     text19       006038
_CAN1_RX_FIFO_ResetInfo                                   text18       005E6A
_CAN1_ReceiveFrom                                         text36       005D9A
_CAN1_SetFIFO1FullHandler                                 text21       005FE2
_CAN1_TX_FIFO_Configuration                               text17       005F88
_CANRXPPS                                                 (abs)        00023D
_CAN_RX_ISR                                               text34       005FD2
_DLC_BYTES                                                smallconst   003701
_DefaultFIFO1FullHandler                                  text35       00603A
_GetRxFifoDepth                                           text41       005F0A
_GetRxFifoStatus                                          text40       005F5A
_INLVLA                                                   (abs)        000404
_INLVLB                                                   (abs)        00040C
_INLVLC                                                   (abs)        000414
_INLVLD                                                   (abs)        00041C
_INLVLE                                                   (abs)        000424
_INTCON0bits                                              (abs)        0004D6
_INTERRUPT_Initialize                                     text15       006034
_INTERRUPT_InterruptManager                               text32       005D48
_LATA                                                     (abs)        0004BE
_LATAbits                                                 (abs)        0004BE
_LATB                                                     (abs)        0004BF
_LATBbits                                                 (abs)        0004BF
_LATC                                                     (abs)        0004C0
_LATD                                                     (abs)        0004C1
_LATE                                                     (abs)        0004C2
_ODCONA                                                   (abs)        000402
_ODCONB                                                   (abs)        00040A
_ODCONC                                                   (abs)        000412
_ODCOND                                                   (abs)        00041A
_ODCONE                                                   (abs)        000422
_OSCCON1                                                  (abs)        0000AD
_OSCCON3                                                  (abs)        0000AF
_OSCEN                                                    (abs)        0000B3
_OSCFRQ                                                   (abs)        0000B1
_OSCILLATOR_Initialize                                    text14       005F42
_OSCTUNE                                                  (abs)        0000B0
_PIE4bits                                                 (abs)        0004A2
_PIN_MANAGER_Initialize                                   text13       005B18
_PIR1bits                                                 (abs)        0004AF
_PIR2bits                                                 (abs)        0004B0
_PIR4bits                                                 (abs)        0004B2
_PMD0                                                     (abs)        000060
_PMD1                                                     (abs)        000061
_PMD2                                                     (abs)        000062
_PMD3                                                     (abs)        000063
_PMD4                                                     (abs)        000064
_PMD5                                                     (abs)        000065
_PMD6                                                     (abs)        000066
_PMD7                                                     (abs)        000067
_PMD8                                                     (abs)        000068
_PMD_Initialize                                           text12       005EC2
_RD0PPS                                                   (abs)        000219
_ReadMessageFromFifo                                      text38       005240
_Receive                                                  text37       005834
_SLRCONA                                                  (abs)        000403
_SLRCONB                                                  (abs)        00040B
_SLRCONC                                                  (abs)        000413
_SLRCOND                                                  (abs)        00041B
_SLRCONE                                                  (abs)        000423
_SYSTEM_Initialize                                        text11       005F28
_TRISA                                                    (abs)        0004C6
_TRISB                                                    (abs)        0004C7
_TRISC                                                    (abs)        0004C8
_TRISD                                                    (abs)        0004C9
_TRISE                                                    (abs)        0004CA
_WPUA                                                     (abs)        000401
_WPUB                                                     (abs)        000409
_WPUC                                                     (abs)        000411
_WPUD                                                     (abs)        000419
_WPUE                                                     (abs)        000421
__HRAM                                                    (abs)        000000
__H__absolute__                                           __absolute__ 000000
__Habs1                                                   abs1         000000
__Hbank10                                                 bank10       000000
__Hbank11                                                 bank11       000000
__Hbank12                                                 bank12       000000
__Hbank13                                                 bank13       000000
__Hbank14                                                 bank14       000000
__Hbank15                                                 bank15       000000
__Hbank16                                                 bank16       000000
__Hbank17                                                 bank17       000000
__Hbank18                                                 bank18       000000
__Hbank19                                                 bank19       000000
__Hbank20                                                 bank20       000000
__Hbank21                                                 bank21       000000
__Hbank22                                                 bank22       000000
__Hbank23                                                 bank23       000000
__Hbank24                                                 bank24       000000
__Hbank25                                                 bank25       000000
__Hbank26                                                 bank26       000000
__Hbank27                                                 bank27       000000
__Hbank28                                                 bank28       000000
__Hbank29                                                 bank29       000000
__Hbank30                                                 bank30       000000
__Hbank31                                                 bank31       000000
__Hbank32                                                 bank32       000000
__Hbank33                                                 bank33       000000
__Hbank34                                                 bank34       000000
__Hbank35                                                 bank35       000000
__Hbank36                                                 bank36       000000
__Hbank37                                                 bank37       000000
__Hbank38                                                 bank38       000000
__Hbank39                                                 bank39       000000
__Hbank40                                                 bank40       000000
__Hbank41                                                 bank41       000000
__Hbank42                                                 bank42       000000
__Hbank43                                                 bank43       000000
__Hbank44                                                 bank44       000000
__Hbank45                                                 bank45       000000
__Hbank46                                                 bank46       000000
__Hbank47                                                 bank47       000000
__Hbank48                                                 bank48       000000
__Hbank49                                                 bank49       000000
__Hbank5                                                  bank5        000000
__Hbank50                                                 bank50       000000
__Hbank51                                                 bank51       000000
__Hbank52                                                 bank52       000000
__Hbank53                                                 bank53       000000
__Hbank54                                                 bank54       000000
__Hbank6                                                  bank6        000000
__Hbank7                                                  bank7        000000
__Hbank8                                                  bank8        000000
__Hbank9                                                  bank9        000000
__Hbigbss                                                 bigbss       000000
__Hbigdata                                                bigdata      000000
__Hbigram                                                 bigram       000000
__Hbigsfr                                                 bigsfr       000000
__Hbss                                                    bss          000000
__HbssBANK5                                               bssBANK5     000000
__HbssCOMRAM                                              bssCOMRAM    000000
__Hcinit                                                  cinit        000000
__Hclrtext                                                clrtext      000000
__Hcomram                                                 comram       000000
__Hconfig                                                 config       30001F
__Hconst                                                  const        000000
__HcstackBANK5                                            cstackBANK5  000000
__HcstackCOMRAM                                           cstackCOMRAM 000000
__Hdata                                                   data         000000
__HdataBANK5                                              dataBANK5    000000
__HdataBIGRAM                                             dataBIGRAM   000000
__Heeprom_data                                            eeprom_data  000000
__Hfarbss                                                 farbss       000000
__Hfardata                                                fardata      000000
__Hheap                                                   heap         000000
__Hibigdata                                               ibigdata     000000
__Hidata                                                  idata        000000
__HidataBANK5                                             idataBANK5   000000
__HidataBIGRAM                                            idataBIGRAM  000000
__Hidloc                                                  idloc        000000
__Hifardata                                               ifardata     000000
__Hinit                                                   init         00001E
__Hintsave_regs                                           intsave_regs 000000
__Hirdata                                                 irdata       000000
__Hivt0x8                                                 ivt0x8       00001A
__Hmediumconst                                            mediumconst  000000
__HnvBANK5                                                nvBANK5      000000
__HnvFARRAM                                               nvFARRAM     000000
__Hnvbit                                                  nvbit        000000
__Hnvrram                                                 nvrram       000000
__Hparam                                                  rparam       000000
__Hpowerup                                                powerup      000000
__Hram                                                    ram          000000
__Hramtop                                                 ramtop       003700
__Hrbit                                                   rbit         000000
__Hrbss                                                   rbss         000000
__Hrdata                                                  rdata        000000
__Hreset_vec                                              reset_vec    000004
__Hrparam                                                 rparam       000000
__Hsfr                                                    sfr          000000
__Hsmallconst                                             smallconst   00370E
__Hspace_0                                                (abs)        00603C
__Hspace_1                                                (abs)        0015DD
__Hspace_2                                                (abs)        000000
__Hspace_4                                                (abs)        60001F
__Hstack                                                  stack        000000
__Hstruct                                                 struct       000000
__Htemp                                                   temp         000000
__Htext                                                   text         000000
__Htext0                                                  text0        000000
__Htext1                                                  text1        000000
__Htext10                                                 text10       000000
__Htext11                                                 text11       000000
__Htext12                                                 text12       000000
__Htext13                                                 text13       000000
__Htext14                                                 text14       000000
__Htext15                                                 text15       000000
__Htext16                                                 text16       000000
__Htext17                                                 text17       000000
__Htext18                                                 text18       000000
__Htext19                                                 text19       000000
__Htext2                                                  text2        000000
__Htext20                                                 text20       000000
__Htext21                                                 text21       000000
__Htext22                                                 text22       000000
__Htext23                                                 text23       000000
__Htext24                                                 text24       000000
__Htext25                                                 text25       000000
__Htext26                                                 text26       000000
__Htext27                                                 text27       000000
__Htext28                                                 text28       000000
__Htext29                                                 text29       000000
__Htext3                                                  text3        000000
__Htext30                                                 text30       000000
__Htext31                                                 text31       000000
__Htext32                                                 text32       000000
__Htext33                                                 text33       000000
__Htext34                                                 text34       000000
__Htext35                                                 text35       000000
__Htext36                                                 text36       000000
__Htext37                                                 text37       000000
__Htext38                                                 text38       000000
__Htext39                                                 text39       000000
__Htext4                                                  text4        000000
__Htext40                                                 text40       000000
__Htext41                                                 text41       000000
__Htext42                                                 text42       000000
__Htext5                                                  text5        000000
__Htext6                                                  text6        000000
__Htext7                                                  text7        000000
__Htext8                                                  text8        000000
__Htext9                                                  text9        000000
__LRAM                                                    (abs)        000001
__L__absolute__                                           __absolute__ 000000
__Labs1                                                   abs1         000000
__Lbank10                                                 bank10       000000
__Lbank11                                                 bank11       000000
__Lbank12                                                 bank12       000000
__Lbank13                                                 bank13       000000
__Lbank14                                                 bank14       000000
__Lbank15                                                 bank15       000000
__Lbank16                                                 bank16       000000
__Lbank17                                                 bank17       000000
__Lbank18                                                 bank18       000000
__Lbank19                                                 bank19       000000
__Lbank20                                                 bank20       000000
__Lbank21                                                 bank21       000000
__Lbank22                                                 bank22       000000
__Lbank23                                                 bank23       000000
__Lbank24                                                 bank24       000000
__Lbank25                                                 bank25       000000
__Lbank26                                                 bank26       000000
__Lbank27                                                 bank27       000000
__Lbank28                                                 bank28       000000
__Lbank29                                                 bank29       000000
__Lbank30                                                 bank30       000000
__Lbank31                                                 bank31       000000
__Lbank32                                                 bank32       000000
__Lbank33                                                 bank33       000000
__Lbank34                                                 bank34       000000
__Lbank35                                                 bank35       000000
__Lbank36                                                 bank36       000000
__Lbank37                                                 bank37       000000
__Lbank38                                                 bank38       000000
__Lbank39                                                 bank39       000000
__Lbank40                                                 bank40       000000
__Lbank41                                                 bank41       000000
__Lbank42                                                 bank42       000000
__Lbank43                                                 bank43       000000
__Lbank44                                                 bank44       000000
__Lbank45                                                 bank45       000000
__Lbank46                                                 bank46       000000
__Lbank47                                                 bank47       000000
__Lbank48                                                 bank48       000000
__Lbank49                                                 bank49       000000
__Lbank5                                                  bank5        000000
__Lbank50                                                 bank50       000000
__Lbank51                                                 bank51       000000
__Lbank52                                                 bank52       000000
__Lbank53                                                 bank53       000000
__Lbank54                                                 bank54       000000
__Lbank6                                                  bank6        000000
__Lbank7                                                  bank7        000000
__Lbank8                                                  bank8        000000
__Lbank9                                                  bank9        000000
__Lbigbss                                                 bigbss       000000
__Lbigdata                                                bigdata      000000
__Lbigram                                                 bigram       000000
__Lbigsfr                                                 bigsfr       000000
__Lbss                                                    bss          000000
__LbssBANK5                                               bssBANK5     000000
__LbssCOMRAM                                              bssCOMRAM    000000
__Lcinit                                                  cinit        000000
__Lclrtext                                                clrtext      000000
__Lcomram                                                 comram       000000
__Lconfig                                                 config       000000
__Lconst                                                  const        000000
__LcstackBANK5                                            cstackBANK5  000000
__LcstackCOMRAM                                           cstackCOMRAM 000000
__Ldata                                                   data         000000
__LdataBANK5                                              dataBANK5    000000
__LdataBIGRAM                                             dataBIGRAM   000000
__Leeprom_data                                            eeprom_data  000000
__Lfarbss                                                 farbss       000000
__Lfardata                                                fardata      000000
__Lheap                                                   heap         000000
__Libigdata                                               ibigdata     000000
__Lidata                                                  idata        000000
__LidataBANK5                                             idataBANK5   000000
__LidataBIGRAM                                            idataBIGRAM  000000
__Lidloc                                                  idloc        000000
__Lifardata                                               ifardata     000000
__Linit                                                   init         00001A
__Lintsave_regs                                           intsave_regs 000000
__Lirdata                                                 irdata       000000
__Livt0x8                                                 ivt0x8       000008
__Lmediumconst                                            mediumconst  000000
__LnvBANK5                                                nvBANK5      000000
__LnvFARRAM                                               nvFARRAM     000000
__Lnvbit                                                  nvbit        000000
__Lnvrram                                                 nvrram       000000
__Lparam                                                  rparam       000000
__Lpowerup                                                powerup      000000
__Lram                                                    ram          000000
__Lramtop                                                 ramtop       003700
__Lrbit                                                   rbit         000000
__Lrbss                                                   rbss         000000
__Lrdata                                                  rdata        000000
__Lreset_vec                                              reset_vec    000000
__Lrparam                                                 rparam       000000
__Lsfr                                                    sfr          000000
__Lsmallconst                                             smallconst   003700
__Lspace_0                                                (abs)        000000
__Lspace_1                                                (abs)        000000
__Lspace_2                                                (abs)        000000
__Lspace_4                                                (abs)        000000
__Lstack                                                  stack        000000
__Lstruct                                                 struct       000000
__Ltemp                                                   temp         000000
__Ltext                                                   text         000000
__Ltext0                                                  text0        000000
__Ltext1                                                  text1        000000
__Ltext10                                                 text10       000000
__Ltext11                                                 text11       000000
__Ltext12                                                 text12       000000
__Ltext13                                                 text13       000000
__Ltext14                                                 text14       000000
__Ltext15                                                 text15       000000
__Ltext16                                                 text16       000000
__Ltext17                                                 text17       000000
__Ltext18                                                 text18       000000
__Ltext19                                                 text19       000000
__Ltext2                                                  text2        000000
__Ltext20                                                 text20       000000
__Ltext21                                                 text21       000000
__Ltext22                                                 text22       000000
__Ltext23                                                 text23       000000
__Ltext24                                                 text24       000000
__Ltext25                                                 text25       000000
__Ltext26                                                 text26       000000
__Ltext27                                                 text27       000000
__Ltext28                                                 text28       000000
__Ltext29                                                 text29       000000
__Ltext3                                                  text3        000000
__Ltext30                                                 text30       000000
__Ltext31                                                 text31       000000
__Ltext32                                                 text32       000000
__Ltext33                                                 text33       000000
__Ltext34                                                 text34       000000
__Ltext35                                                 text35       000000
__Ltext36                                                 text36       000000
__Ltext37                                                 text37       000000
__Ltext38                                                 text38       000000
__Ltext39                                                 text39       000000
__Ltext4                                                  text4        000000
__Ltext40                                                 text40       000000
__Ltext41                                                 text41       000000
__Ltext42                                                 text42       000000
__Ltext5                                                  text5        000000
__Ltext6                                                  text6        000000
__Ltext7                                                  text7        000000
__Ltext8                                                  text8        000000
__Ltext9                                                  text9        000000
__S0                                                      (abs)        00603C
__S1                                                      (abs)        0015DD
__S4                                                      (abs)        000000
__S5                                                      (abs)        000000
___fldiv                                                  text9        004B3A
___fldiv@a                                                cstackBANK5  00058B
___fldiv@aexp                                             cstackBANK5  00059F
___fldiv@b                                                cstackBANK5  000587
___fldiv@bexp                                             cstackBANK5  00059E
___fldiv@grs                                              cstackBANK5  00059A
___fldiv@new_exp                                          cstackBANK5  000598
___fldiv@rem                                              cstackBANK5  000593
___fldiv@sign                                             cstackBANK5  000597
___flge                                                   text10       00572E
___flge@ff1                                               cstackBANK5  00056E
___flge@ff2                                               cstackBANK5  000572
___flmul                                                  text8        00470E
___flmul@a                                                cstackBANK5  000572
___flmul@aexp                                             cstackBANK5  00057F
___flmul@b                                                cstackBANK5  00056E
___flmul@bexp                                             cstackBANK5  000580
___flmul@grs                                              cstackBANK5  00057B
___flmul@prod                                             cstackBANK5  000581
___flmul@sign                                             cstackBANK5  00057A
___flmul@temp                                             cstackBANK5  000585
___fltol                                                  text7        005626
___fltol@exp1                                             cstackBANK5  0005A9
___fltol@f1                                               cstackBANK5  0005A0
___fltol@sign1                                            cstackBANK5  0005A8
___heap_hi                                                (abs)        000000
___heap_lo                                                (abs)        000000
___inthi_sp                                               stack        000000
___inthi_stack_hi                                         stack        000000
___inthi_stack_lo                                         stack        000000
___intlo_sp                                               stack        000000
___intlo_stack_hi                                         stack        000000
___intlo_stack_lo                                         stack        000000
___lmul                                                   text4        005C88
___lmul@multiplicand                                      cstackBANK5  000564
___lmul@multiplier                                        cstackBANK5  000560
___lmul@product                                           cstackBANK5  000568
___param_bank                                             (abs)        000000
___rparam_used                                            (abs)        000001
___sp                                                     stack        000000
___stack_hi                                               stack        000000
___stack_lo                                               stack        000000
___xxtofl                                                 text6        00546E
___xxtofl@arg                                             cstackBANK5  00056A
___xxtofl@exp                                             cstackBANK5  000569
___xxtofl@sign                                            cstackBANK5  000568
___xxtofl@val                                             cstackBANK5  000560
__accesstop                                               (abs)        000560
__activetblptr                                            (abs)        000003
__end_of_ADC_GetConversionResult                          text31       005F0A
__end_of_ADC_Initialize                                   text25       0059D8
__end_of_ADC_IsConversionDone                             text30       005F88
__end_of_ADC_SetADIInterruptHandler                       text28       00601A
__end_of_ADC_SetActiveClockTuningInterruptHandler         text27       00600C
__end_of_ADC_SetContext1ThresholdInterruptHandler         text26       005FFE
__end_of_ADC_StartConversion                              text29       005FD2
__end_of_CAN1_BitRateConfiguration                        text24       005FB0
__end_of_CAN1_Initialize                                  text16       005D48
__end_of_CAN1_OperationModeGet                            text23       006024
__end_of_CAN1_OperationModeSet                            text22       005B18
__end_of_CAN1_RXI_ISR                                     text33       005EC2
__end_of_CAN1_RX_FIFO_Configuration                       text20       005E6A
__end_of_CAN1_RX_FIFO_FilterMaskConfiguration             text19       00603A
__end_of_CAN1_RX_FIFO_ResetInfo                           text18       005E96
__end_of_CAN1_ReceiveFrom                                 text36       005DEC
__end_of_CAN1_SetFIFO1FullHandler                         text21       005FF0
__end_of_CAN1_TX_FIFO_Configuration                       text17       005F9C
__end_of_CAN_RX_ISR                                       text34       005FE2
__end_of_DLC_BYTES                                        smallconst   00370A
__end_of_DefaultFIFO1FullHandler                          text35       00603C
__end_of_FIFO                                             smallconst   00370C
__end_of_GetRxFifoDepth                                   text41       005F28
__end_of_GetRxFifoStatus                                  text40       005F72
__end_of_INTERRUPT_Initialize                             text15       006038
__end_of_INTERRUPT_InterruptManager                       text32       005D9A
__end_of_OSCILLATOR_Initialize                            text14       005F5A
__end_of_PIN_MANAGER_Initialize                           text13       005B9E
__end_of_PMD_Initialize                                   text12       005EEA
__end_of_ReadMessageFromFifo                              text38       00546E
__end_of_Receive                                          text37       00591A
__end_of_SYSTEM_Initialize                                text11       005F42
__end_of___fldiv                                          text9        004ED6
__end_of___flge                                           text10       005834
__end_of___flmul                                          text8        004B3A
__end_of___fltol                                          text7        00572E
__end_of___lmul                                           text4        005CF4
__end_of___xxtofl                                         text6        005626
__end_of__initialization                                  cinit        005C82
__end_of_adc_to_cell_v                                    text5        005A80
__end_of_adc_to_current                                   text3        005C18
__end_of_adc_to_temp                                      text2        005FC2
__end_of_fault                                            text1        006034
__end_of_main                                             text0        005240
__end_of_memcpy                                           text39       005E3C
__initialization                                          cinit        005C18
__mediumconst                                             mediumconst  000000
__pbssBANK5                                               bssBANK5     0005C1
__pbssCOMRAM                                              bssCOMRAM    000533
__pcinit                                                  cinit        005C18
__pcstackBANK5                                            cstackBANK5  000560
__pcstackCOMRAM                                           cstackCOMRAM 000501
__pdataBANK5                                              dataBANK5    0005D5
__pdataBIGRAM                                             dataBIGRAM   0005DD
__pidataBANK5                                             idataBANK5   006024
__pidataBIGRAM                                            idataBIGRAM  00370E
__pivt0x8                                                 ivt0x8       000008
__pnvBANK5                                                nvBANK5      0005CC
__psmallconst                                             smallconst   003700
__ptext0                                                  text0        004ED6
__ptext1                                                  text1        00602C
__ptext10                                                 text10       00572E
__ptext11                                                 text11       005F28
__ptext12                                                 text12       005EC2
__ptext13                                                 text13       005B18
__ptext14                                                 text14       005F42
__ptext15                                                 text15       006034
__ptext16                                                 text16       005CF4
__ptext17                                                 text17       005F88
__ptext18                                                 text18       005E6A
__ptext19                                                 text19       006038
__ptext2                                                  text2        005FB0
__ptext20                                                 text20       005E3C
__ptext21                                                 text21       005FE2
__ptext22                                                 text22       005A80
__ptext23                                                 text23       00601A
__ptext24                                                 text24       005F9C
__ptext25                                                 text25       00591A
__ptext26                                                 text26       005FF0
__ptext27                                                 text27       005FFE
__ptext28                                                 text28       00600C
__ptext29                                                 text29       005FC2
__ptext3                                                  text3        005B9E
__ptext30                                                 text30       005F72
__ptext31                                                 text31       005EEA
__ptext32                                                 text32       005D48
__ptext33                                                 text33       005E96
__ptext34                                                 text34       005FD2
__ptext35                                                 text35       00603A
__ptext36                                                 text36       005D9A
__ptext37                                                 text37       005834
__ptext38                                                 text38       005240
__ptext39                                                 text39       005DEC
__ptext4                                                  text4        005C88
__ptext40                                                 text40       005F5A
__ptext41                                                 text41       005F0A
__ptext42                                                 text42       000000
__ptext5                                                  text5        0059D8
__ptext6                                                  text6        00546E
__ptext7                                                  text7        005626
__ptext8                                                  text8        00470E
__ptext9                                                  text9        004B3A
__ramtop                                                  ramtop       003700
__smallconst                                              smallconst   003700
_adc_to_cell_v                                            text5        0059D8
_adc_to_current                                           text3        005B9E
_adc_to_temp                                              text2        005FB0
_bat_current                                              bssBANK5     0005CA
_bat_t_channels                                           dataBANK5    0005D5
_bat_v_channels                                           dataBANK5    0005D8
_cell_temps                                               bssBANK5     0005C7
_cell_voltages                                            bssBANK5     0005C1
_fault                                                    text1        00602C
_main                                                     text0        004ED6
_memcpy                                                   text39       005DEC
_rxFifos                                                  dataBANK5    0005DB
_rxMsgData                                                bssCOMRAM    000536
_therm_lut                                                dataBIGRAM   0005DD
adc_to_cell_v@read_voltage                                cstackBANK5  0005B0
adc_to_cell_v@reading                                     cstackBANK5  0005AA
adc_to_current@reading                                    cstackBANK5  00056C
adc_to_current@scaled                                     cstackBANK5  000572
adc_to_temp@reading                                       cstackBANK5  000560
end_of_initialization                                     cinit        005C82
intlevel0                                                 text         000000
intlevel1                                                 text         000000
intlevel2                                                 text         000000
intlevel3                                                 text         000000
isa$std                                                   (abs)        000001
isa$xinst                                                 (abs)        000000
ivt0x8_base                                               ivt0x8       000008
main@cell_i                                               cstackBANK5  0005BE
main@cell_i_1476                                          cstackBANK5  0005BF
main@cell_i_1481                                          cstackBANK5  0005C0
main@i                                                    cstackBANK5  0005BC
main@min_voltage                                          cstackBANK5  0005BA
main@reading                                              cstackBANK5  0005B4
main@reading_1477                                         cstackBANK5  0005B6
main@reading_1479                                         cstackBANK5  0005B8
memcpy@d                                                  cstackCOMRAM 000507
memcpy@d1                                                 cstackCOMRAM 000501
memcpy@n                                                  cstackCOMRAM 000505
memcpy@s                                                  cstackCOMRAM 000509
memcpy@s1                                                 cstackCOMRAM 000503
memcpy@tmp                                                cstackCOMRAM 00050B
stackhi                                                   (abs)        000000
stacklo                                                   (abs)        000000
start                                                     init         00001A
start_initialization                                      cinit        005C18


MODULE INFORMATION

Module		Function		Class		Link	Load	Size
mcc_generated_files/can1.c
		_ReadMessageFromFifo		CODE           	5240	0000	558
		_CAN1_BitRateConfiguration		CODE           	5F9C	0000	20
		_Receive       		CODE           	5834	0000	230
		_CAN1_TX_FIFO_Configuration		CODE           	5F88	0000	20
		_GetRxFifoDepth		CODE           	5F0A	0000	30
		_CAN1_OperationModeGet		CODE           	601A	0000	10
		_CAN1_SetFIFO1FullHandler		CODE           	5FE2	0000	14
		_CAN1_Initialize		CODE           	5CF4	0000	84
		_CAN1_RX_FIFO_FilterMaskConfiguration		CODE           	6038	0000	2
		_CAN1_RX_FIFO_Configuration		CODE           	5E3C	0000	46
		_GetRxFifoStatus		CODE           	5F5A	0000	24
		_DefaultFIFO1FullHandler		CODE           	603A	0000	2
		_CAN1_RX_FIFO_ResetInfo		CODE           	5E6A	0000	44
		_CAN1_OperationModeSet		CODE           	5A80	0000	152
		_CAN1_RXI_ISR  		CODE           	5E96	0000	44
		_CAN1_ReceiveFrom		CODE           	5D9A	0000	82

mcc_generated_files/can1.c estimated size: 1362

C:\Program Files\Microchip\xc8\v2.45\pic\sources\c99\common\memcpy.c
		_memcpy        		CODE           	5DEC	0000	80

C:\Program Files\Microchip\xc8\v2.45\pic\sources\c99\common\memcpy.c estimated size: 80

mcc_generated_files/interrupt_manager.c
		_INTERRUPT_Initialize		CODE           	6034	0000	4
		_INTERRUPT_InterruptManager		CODE           	5D48	0000	82

mcc_generated_files/interrupt_manager.c estimated size: 86

C:\Program Files\Microchip\xc8\v2.45\pic\sources\c99\common\Umul32.c
		___lmul        		CODE           	5C88	0000	108

C:\Program Files\Microchip\xc8\v2.45\pic\sources\c99\common\Umul32.c estimated size: 108

mcc_generated_files/pin_manager.c
		_PIN_MANAGER_Initialize		CODE           	5B18	0000	134

mcc_generated_files/pin_manager.c estimated size: 134

C:\Program Files\Microchip\xc8\v2.45\pic\sources\c99\common\sprcmul.c
		___flmul       		CODE           	470E	0000	1068

C:\Program Files\Microchip\xc8\v2.45\pic\sources\c99\common\sprcmul.c estimated size: 1068

mcc_generated_files/adc.c
		_ADC_Initialize		CODE           	591A	0000	190
		_ADC_IsConversionDone		CODE           	5F72	0000	22
		_ADC_SetActiveClockTuningInterruptHandler		CODE           	5FFE	0000	14
		_ADC_GetConversionResult		CODE           	5EEA	0000	32
		_ADC_SetADIInterruptHandler		CODE           	600C	0000	14
		_ADC_StartConversion		CODE           	5FC2	0000	16
		_ADC_SetContext1ThresholdInterruptHandler		CODE           	5FF0	0000	14

mcc_generated_files/adc.c estimated size: 302

C:\Program Files\Microchip\xc8\v2.45\pic\sources\c99\common\sprcdiv.c
		___fldiv       		CODE           	4B3A	0000	924

C:\Program Files\Microchip\xc8\v2.45\pic\sources\c99\common\sprcdiv.c estimated size: 924

C:\Program Files\Microchip\xc8\v2.45\pic\sources\c99\common\flge.c
		___flge        		CODE           	572E	0000	262

C:\Program Files\Microchip\xc8\v2.45\pic\sources\c99\common\flge.c estimated size: 262

shared
		_FIFO          		SMALLCONST     	0000	0000	0
		_DLC_BYTES     		SMALLCONST     	3701	0000	9
		__initialization		CODE           	5C18	0000	106

shared estimated size: 115

C:\Program Files\Microchip\xc8\v2.45\pic\sources\c99\common\xxtofl.c
		___xxtofl      		CODE           	546E	0000	440

C:\Program Files\Microchip\xc8\v2.45\pic\sources\c99\common\xxtofl.c estimated size: 440

mcc_generated_files/mcc.c
		_PMD_Initialize		CODE           	5EC2	0000	40
		_OSCILLATOR_Initialize		CODE           	5F42	0000	24
		_SYSTEM_Initialize		CODE           	5F28	0000	26

mcc_generated_files/mcc.c estimated size: 90

main.c
		_adc_to_temp   		CODE           	5FB0	0000	18
		_main          		CODE           	4ED6	0000	874
		_adc_to_cell_v 		CODE           	59D8	0000	168
		_CAN_RX_ISR    		CODE           	5FD2	0000	16
		_adc_to_current		CODE           	5B9E	0000	122
		_fault         		CODE           	602C	0000	8

main.c estimated size: 1206

C:\Program Files\Microchip\xc8\v2.45\pic\sources\c99\common\fltol.c
		___fltol       		CODE           	5626	0000	264

C:\Program Files\Microchip\xc8\v2.45\pic\sources\c99\common\fltol.c estimated size: 264

