Microchip MPLAB XC8 Compiler V3.00

Linker command line:

\
  --edf=C:/Users/alexl/.mchp_packs/Microchip/PIC18F-Q_DFP/1.27.449/xc8\pic\dat\20250204174324_en.msgs \
  -pivt0x8=08h -cn -h+dist/indicator_test/debug\lv-bms-firmware.X.debug.sym \
  --cmf=dist/indicator_test/debug\lv-bms-firmware.X.debug.cmf -z -Q18F47Q84 \
  -oC:\Users\alexl\AppData\Local\Temp\xcAs102g.\driver_tmp_3.o \
  --defsym=__MPLAB_BUILD=1 --fixupoverflow=error \
  -Mdist/indicator_test/debug/lv-bms-firmware.X.debug.map \
  --md=C:\Users\alexl\AppData\Local\Temp\xcAs102g.\driver_tmp_0.dat -E1 \
  -ver=XC8 Compiler -ACODE=00h-01FFFFh -ACONST=00h-01FFFFh \
  -ASMALLCONST=04000h-040FFhx192,014000h-0140FFhx192 \
  -AMEDIUMCONST=04000h-0FFFFh,014000h-01FFFFh -ACOMRAM=0501h-055Fh \
  -AABS1=0500h-036FFh -ABIGRAM=0501h-036FFh \
  -ARAM=0560h-05FFh,0600h-06FFhx49 -ABANK5=0560h-05FFh -ABANK6=0600h-06FFh \
  -ABANK7=0700h-07FFh -ABANK8=0800h-08FFh -ABANK9=0900h-09FFh \
  -ABANK10=0A00h-0AFFh -ABANK11=0B00h-0BFFh -ABANK12=0C00h-0CFFh \
  -ABANK13=0D00h-0DFFh -ABANK14=0E00h-0EFFh -ABANK15=0F00h-0FFFh \
  -ABANK16=01000h-010FFh -ABANK17=01100h-011FFh -ABANK18=01200h-012FFh \
  -ABANK19=01300h-013FFh -ABANK20=01400h-014FFh -ABANK21=01500h-015FFh \
  -ABANK22=01600h-016FFh -ABANK23=01700h-017FFh -ABANK24=01800h-018FFh \
  -ABANK25=01900h-019FFh -ABANK26=01A00h-01AFFh -ABANK27=01B00h-01BFFh \
  -ABANK28=01C00h-01CFFh -ABANK29=01D00h-01DFFh -ABANK30=01E00h-01EFFh \
  -ABANK31=01F00h-01FFFh -ABANK32=02000h-020FFh -ABANK33=02100h-021FFh \
  -ABANK34=02200h-022FFh -ABANK35=02300h-023FFh -ABANK36=02400h-024FFh \
  -ABANK37=02500h-025FFh -ABANK38=02600h-026FFh -ABANK39=02700h-027FFh \
  -ABANK40=02800h-028FFh -ABANK41=02900h-029FFh -ABANK42=02A00h-02AFFh \
  -ABANK43=02B00h-02BFFh -ABANK44=02C00h-02CFFh -ABANK45=02D00h-02DFFh \
  -ABANK46=02E00h-02EFFh -ABANK47=02F00h-02FFFh -ABANK48=03000h-030FFh \
  -ABANK49=03100h-031FFh -ABANK50=03200h-032FFh -ABANK51=03300h-033FFh \
  -ABANK52=03400h-034FFh -ABANK53=03500h-035FFh -ABANK54=03600h-036FFh \
  -ASFR=00h-0FFhx4,0400h-045Fh,0460h-04FFh,03700h-037FFhx9 \
  -ABIGSFR=00h-04FFh,03700h-03FFFh -ACONFIG=0300000h-0300023h \
  -AIDLOC=0200000h-020003Fh -AEEDATA=0380000h-03803FFh -peeprom_data=EEDATA \
  -preset_vec=00h -ppowerup=CODE,init -pramtop=04000h \
  -psmallconst=SMALLCONST -pmediumconst=MEDIUMCONST -pconst=CONST \
  -AFARRAM=00h-00h \
  -prdata=COMRAM,nvrram=COMRAM,nvbit=COMRAM,rbss=COMRAM,rbit=COMRAM \
  -pfarbss=FARRAM,fardata=FARRAM,nvFARRAM=FARRAM \
  -pintsave_regs=BIGRAM,bigbss=BIGRAM,bigdata=BIGRAM -pbss=RAM \
  -pidata=CODE,irdata=CODE,ibigdata=CODE,ifardata=CODE -prparam=COMRAM \
  C:\Users\alexl\AppData\Local\Temp\xcAs102g.\driver_tmp_9.o \
  dist/indicator_test/debug\lv-bms-firmware.X.debug.o 

Object code version is 3.11

Machine type is 18F47Q84



                Name                               Link     Load   Length Selector   Space Scale
C:\Users\alexl\AppData\Local\Temp\xcAs102g.\driver_tmp_9.o
                config                           300000   300000       1F        0       4
                init                                 1A       1A        4        4       0
                reset_vec                             0        0        6        0       0
dist/indicator_test/debug\lv-bms-firmware.X.debug.o
                config                           300000   300000       1F        0       4
                smallconst                         4000     4000        E     2000       0
                ivt0x8                                8        8       12        4       0
                text39                             4916     4916        2     2489       0
                text38                             4714     4714       2C     2007       0
                text37                             4830     4830       16     2007       0
                text36                             4914     4914        2     2489       0
                text35                             46E0     46E0       34     2007       0
                text34                             451E     451E       56     2007       0
                text33                             48EC     48EC        E     2007       0
                text32                             48DE     48DE        E     2007       0
                text31                             48D0     48D0        E     2007       0
                text30                             43D4     43D4       7E     2007       0
                text29                             4858     4858       12     2007       0
                text28                             48FA     48FA        A     2007       0
                text27                             42CA     42CA       86     2007       0
                text26                             48C2     48C2        E     2007       0
                text25                             4740     4740       2A     2007       0
                text24                             4912     4912        2     2489       0
                text23                             47BA     47BA       28     2007       0
                text22                             487A     487A       10     2007       0
                text21                             45C8     45C8       54     2007       0
                text20                             490A     490A        4     2007       0
                text19                             4846     4846       12     2007       0
                text18                             4452     4452       70     2007       0
                text17                             481A     481A       16     2007       0
                text16                             48B4     48B4        E     2007       0
                text15                             4792     4792       28     2007       0
                text14                             48A6     48A6        E     2007       0
                text13                             4898     4898        E     2007       0
                text12                             488A     488A        E     2007       0
                text11                             44C2     44C2       5C     2007       0
                text10                             47E2     47E2       22     2007       0
                text9                              4666     4666       46     2007       0
                text8                              4574     4574       54     2007       0
                text7                              4350     4350       84     2007       0
                text6                              41F4     41F4       D6     2007       0
                text5                              400E     400E      1E6     2007       0
                text4                              46AC     46AC       34     2007       0
                text3                              486A     486A       10     2007       0
                text2                              4904     4904        6     2007       0
                text1                              4804     4804       16     2007       0
                text0                              476A     476A       28     2007       0
                cstackCOMRAM                        501      501       2F      501       1
                cstackBANK5                         577      577        2      560       1
                bssBANK5                            56F      56F        8      560       1
                dataCOMRAM                          55A      55A        3      501       1
                bssCOMRAM                           530      530       24      501       1
                cinit                              461C     461C       4A     2007       0
                nvBANK5                             560      560        F      560       1
                nvCOMRAM                            554      554        6      501       1
                idataCOMRAM                        490E     490E        3     2007       0

TOTAL           Name                               Link     Load   Length     Space
        CLASS   CODE           
                init                                 1A       1A        4         0
                reset_vec                             0        0        6         0
                ivt0x8                                8        8       12         0
                text39                             4916     4916        2         0
                text38                             4714     4714       2C         0
                text37                             4830     4830       16         0
                text36                             4914     4914        2         0
                text35                             46E0     46E0       34         0
                text34                             451E     451E       56         0
                text33                             48EC     48EC        E         0
                text32                             48DE     48DE        E         0
                text31                             48D0     48D0        E         0
                text30                             43D4     43D4       7E         0
                text29                             4858     4858       12         0
                text28                             48FA     48FA        A         0
                text27                             42CA     42CA       86         0
                text26                             48C2     48C2        E         0
                text25                             4740     4740       2A         0
                text24                             4912     4912        2         0
                text23                             47BA     47BA       28         0
                text22                             487A     487A       10         0
                text21                             45C8     45C8       54         0
                text20                             490A     490A        4         0
                text19                             4846     4846       12         0
                text18                             4452     4452       70         0
                text17                             481A     481A       16         0
                text16                             48B4     48B4        E         0
                text15                             4792     4792       28         0
                text14                             48A6     48A6        E         0
                text13                             4898     4898        E         0
                text12                             488A     488A        E         0
                text11                             44C2     44C2       5C         0
                text10                             47E2     47E2       22         0
                text9                              4666     4666       46         0
                text8                              4574     4574       54         0
                text7                              4350     4350       84         0
                text6                              41F4     41F4       D6         0
                text5                              400E     400E      1E6         0
                text4                              46AC     46AC       34         0
                text3                              486A     486A       10         0
                text2                              4904     4904        6         0
                text1                              4804     4804       16         0
                text0                              476A     476A       28         0
                cinit                              461C     461C       4A         0
                idataCOMRAM                        490E     490E        3         0

        CLASS   CONST          

        CLASS   SMALLCONST     
                smallconst                         4000     4000        E         0

        CLASS   MEDIUMCONST    

        CLASS   COMRAM         
                cstackCOMRAM                        501      501       2F         1
                dataCOMRAM                          55A      55A        3         1
                bssCOMRAM                           530      530       24         1
                nvCOMRAM                            554      554        6         1

        CLASS   ABS1           

        CLASS   BIGRAM         

        CLASS   RAM            

        CLASS   BANK5          
                cstackBANK5                         577      577        2         1
                bssBANK5                            56F      56F        8         1
                nvBANK5                             560      560        F         1

        CLASS   BANK6          

        CLASS   BANK7          

        CLASS   BANK8          

        CLASS   BANK9          

        CLASS   BANK10         

        CLASS   BANK11         

        CLASS   BANK12         

        CLASS   BANK13         

        CLASS   BANK14         

        CLASS   BANK15         

        CLASS   BANK16         

        CLASS   BANK17         

        CLASS   BANK18         

        CLASS   BANK19         

        CLASS   BANK20         

        CLASS   BANK21         

        CLASS   BANK22         

        CLASS   BANK23         

        CLASS   BANK24         

        CLASS   BANK25         

        CLASS   BANK26         

        CLASS   BANK27         

        CLASS   BANK28         

        CLASS   BANK29         

        CLASS   BANK30         

        CLASS   BANK31         

        CLASS   BANK32         

        CLASS   BANK33         

        CLASS   BANK34         

        CLASS   BANK35         

        CLASS   BANK36         

        CLASS   BANK37         

        CLASS   BANK38         

        CLASS   BANK39         

        CLASS   BANK40         

        CLASS   BANK41         

        CLASS   BANK42         

        CLASS   BANK43         

        CLASS   BANK44         

        CLASS   BANK45         

        CLASS   BANK46         

        CLASS   BANK47         

        CLASS   BANK48         

        CLASS   BANK49         

        CLASS   BANK50         

        CLASS   BANK51         

        CLASS   BANK52         

        CLASS   BANK53         

        CLASS   BANK54         

        CLASS   SFR            

        CLASS   BIGSFR         

        CLASS   CONFIG         
                config                           300000   300000       1F         4

        CLASS   IDLOC          

        CLASS   EEDATA         

        CLASS   FARRAM         

        CLASS   HEAP           

        CLASS   STACK          



SEGMENTS        Name                           Load    Length   Top    Selector   Space  Class

                reset_vec                      000000  000006  000006         0       0  CODE    
                ivt0x8                         000008  000016  00001E         4       0  CODE    
                cstackCOMRAM                   000501  00005C  00055D       501       1  COMRAM  
                nvBANK5                        000560  000019  000579       560       1  BANK5   
                smallconst                     004000  00000E  00400E      2000       0  SMALLCON
                text5                          00400E  000903  004911      2007       0  CODE    
                text24                         004912  000006  004918      2489       0  CODE    


UNUSED ADDRESS RANGES

        Name                Unused          Largest block    Delta
        BANK10           000A00-000AFF              100
        BANK11           000B00-000BFF              100
        BANK12           000C00-000CFF              100
        BANK13           000D00-000DFF              100
        BANK14           000E00-000EFF              100
        BANK15           000F00-000FFF              100
        BANK16           001000-0010FF              100
        BANK17           001100-0011FF              100
        BANK18           001200-0012FF              100
        BANK19           001300-0013FF              100
        BANK20           001400-0014FF              100
        BANK21           001500-0015FF              100
        BANK22           001600-0016FF              100
        BANK23           001700-0017FF              100
        BANK24           001800-0018FF              100
        BANK25           001900-0019FF              100
        BANK26           001A00-001AFF              100
        BANK27           001B00-001BFF              100
        BANK28           001C00-001CFF              100
        BANK29           001D00-001DFF              100
        BANK30           001E00-001EFF              100
        BANK31           001F00-001FFF              100
        BANK32           002000-0020FF              100
        BANK33           002100-0021FF              100
        BANK34           002200-0022FF              100
        BANK35           002300-0023FF              100
        BANK36           002400-0024FF              100
        BANK37           002500-0025FF              100
        BANK38           002600-0026FF              100
        BANK39           002700-0027FF              100
        BANK40           002800-0028FF              100
        BANK41           002900-0029FF              100
        BANK42           002A00-002AFF              100
        BANK43           002B00-002BFF              100
        BANK44           002C00-002CFF              100
        BANK45           002D00-002DFF              100
        BANK46           002E00-002EFF              100
        BANK47           002F00-002FFF              100
        BANK48           003000-0030FF              100
        BANK49           003100-0031FF              100
        BANK5            000579-0005FF               87
        BANK50           003200-0032FF              100
        BANK51           003300-0033FF              100
        BANK52           003400-0034FF              100
        BANK53           003500-0035FF              100
        BANK54           003600-0036FF              100
        BANK6            000600-0006FF              100
        BANK7            000700-0007FF              100
        BANK8            000800-0008FF              100
        BANK9            000900-0009FF              100
        BIGRAM           00055D-00055F                3
                         000579-0036FF             3187
        BIGSFR           000000-0004FF              500
                         003700-003FFF              900
        CODE             000006-000007                2
                         00001E-003FFF             3FE2
                         004911-004911                1
                         004918-01FFFF            1B6E8
        COMRAM           00055D-00055F                3
        CONFIG           30001F-300023                5
        CONST            000006-000007                2
                         00001E-003FFF             3FE2
                         004911-004911                1
                         004918-01FFFF            1B6E8
        EEDATA           380000-3803FF              400
        IDLOC            200000-20003F               40
        MEDIUMCONST      004911-004911                1
                         004918-00FFFF             B6E8
                         014000-01FFFF             C000
        RAM              000579-0036FF              100
        SFR              000000-0004FF              100
                         003700-003FFF              100
        SMALLCONST       004911-004911                1
                         004918-00FFFF              100
                         014000-01FFFF              100

                                  Symbol Table

?_millis                                                  cstackCOMRAM 000503
ADC_SetADIInterruptHandler@InterruptHandler               cstackCOMRAM 000503
ADC_SetActiveClockTuningInterruptHandler@InterruptHandler cstackCOMRAM 000503
ADC_SetContext1ThresholdInterruptHandler@InterruptHandler cstackCOMRAM 000503
CAN1_OperationModeSet@opMode                              cstackCOMRAM 000503
CAN1_OperationModeSet@requestMode                         cstackCOMRAM 000505
CAN1_OperationModeSet@status                              cstackCOMRAM 000504
CAN1_RX_FIFO_ResetInfo@index                              cstackCOMRAM 000503
CAN1_SetFIFO1FullHandler@handler                          cstackCOMRAM 000503
IVTBASEH                                                  (abs)        00045E
IVTBASEL                                                  (abs)        00045D
IVTBASEU                                                  (abs)        00045F
TMR0_SetInterruptHandler@InterruptHandler                 cstackCOMRAM 000503
UART1_SetErrorHandler@interruptHandler                    cstackCOMRAM 000503
UART1_SetFramingErrorHandler@interruptHandler             cstackCOMRAM 000503
UART1_SetOverrunErrorHandler@interruptHandler             cstackCOMRAM 000503
_ADACCH                                                   (abs)        0003E4
_ADACCL                                                   (abs)        0003E3
_ADACCU                                                   (abs)        0003E5
_ADACQH                                                   (abs)        0003EF
_ADACQL                                                   (abs)        0003EE
_ADACT                                                    (abs)        0003F9
_ADCAP                                                    (abs)        0003F0
_ADCLK                                                    (abs)        0003FA
_ADCNT                                                    (abs)        0003E6
_ADCON0                                                   (abs)        0003F3
_ADCON0bits                                               (abs)        0003F3
_ADCON1                                                   (abs)        0003F4
_ADCON1bits                                               (abs)        0003F4
_ADCON2                                                   (abs)        0003F5
_ADCON2bits                                               (abs)        0003F5
_ADCON3                                                   (abs)        0003F6
_ADCON3bits                                               (abs)        0003F6
_ADCP                                                     (abs)        0003D8
_ADCPbits                                                 (abs)        0003D8
_ADCSEL1                                                  (abs)        0003FC
_ADCSEL1bits                                              (abs)        0003FC
_ADCTX                                                    (abs)        0003FB
_ADC_ActiveClockTuning_ISR                                nvBANK5      00056C
_ADC_Context1Thereshld_ISR                                nvCOMRAM     000554
_ADC_ConversionComplete_ISR                               nvCOMRAM     000557
_ADC_DefaultADI_ISR                                       (abs)        000000
_ADC_DefaultActiveClockTuning_ISR                         (abs)        000000
_ADC_DefaultContext1Threshold_ISR                         (abs)        000000
_ADC_Initialize                                           text30       0043D4
_ADC_SetADIInterruptHandler                               text33       0048EC
_ADC_SetActiveClockTuningInterruptHandler                 text32       0048DE
_ADC_SetContext1ThresholdInterruptHandler                 text31       0048D0
_ADERRH                                                   (abs)        0003DE
_ADERRL                                                   (abs)        0003DD
_ADFLTRH                                                  (abs)        0003E2
_ADFLTRL                                                  (abs)        0003E1
_ADLTHH                                                   (abs)        0003DA
_ADLTHL                                                   (abs)        0003D9
_ADPCH                                                    (abs)        0003EC
_ADPREH                                                   (abs)        0003F2
_ADPREL                                                   (abs)        0003F1
_ADPREVH                                                  (abs)        0003E9
_ADPREVL                                                  (abs)        0003E8
_ADREF                                                    (abs)        0003F8
_ADRESH                                                   (abs)        0003EB
_ADRESL                                                   (abs)        0003EA
_ADRPT                                                    (abs)        0003E7
_ADSTAT                                                   (abs)        0003F7
_ADSTATbits                                               (abs)        0003F7
_ADSTPTH                                                  (abs)        0003E0
_ADSTPTL                                                  (abs)        0003DF
_ADUTHH                                                   (abs)        0003DC
_ADUTHL                                                   (abs)        0003DB
_ANSELA                                                   (abs)        000400
_ANSELB                                                   (abs)        000408
_ANSELC                                                   (abs)        000410
_ANSELCbits                                               (abs)        000410
_ANSELD                                                   (abs)        000418
_ANSELE                                                   (abs)        000420
_C1CONH                                                   (abs)        000101
_C1CONHbits                                               (abs)        000101
_C1CONL                                                   (abs)        000100
_C1CONTbits                                               (abs)        000103
_C1CONU                                                   (abs)        000102
_C1CONUbits                                               (abs)        000102
_C1FIFOBA                                                 (abs)        00014C
_C1FIFOCON1H                                              (abs)        00015D
_C1FIFOCON1L                                              (abs)        00015C
_C1FIFOCON1T                                              (abs)        00015F
_C1FIFOCON1U                                              (abs)        00015E
_C1FIFOSTA1Lbits                                          (abs)        000160
_C1INTHbits                                               (abs)        00011D
_C1INTTbits                                               (abs)        00011F
_C1INTUbits                                               (abs)        00011E
_C1NBTCFGH                                                (abs)        000105
_C1NBTCFGL                                                (abs)        000104
_C1NBTCFGT                                                (abs)        000107
_C1NBTCFGU                                                (abs)        000106
_C1TRECUbits                                              (abs)        000136
_C1TXQCONH                                                (abs)        000151
_C1TXQCONL                                                (abs)        000150
_C1TXQCONT                                                (abs)        000153
_C1TXQCONU                                                (abs)        000152
_CAN1_BitRateConfiguration                                text29       004858
_CAN1_FIFO1FullHandler                                    bssCOMRAM    000548
_CAN1_Initialize                                          text21       0045C8
_CAN1_OperationModeGet                                    text28       0048FA
_CAN1_OperationModeSet                                    text27       0042CA
_CAN1_RXI_ISR                                             text38       004714
_CAN1_RX_FIFO_Configuration                               text25       004740
_CAN1_RX_FIFO_FilterMaskConfiguration                     text24       004912
_CAN1_RX_FIFO_ResetInfo                                   text23       0047BA
_CAN1_SetFIFO1FullHandler                                 text26       0048C2
_CAN1_TX_FIFO_Configuration                               text22       00487A
_CANRXPPS                                                 (abs)        00023D
_DLC_BYTES                                                smallconst   004001
_DefaultFIFO1FullHandler                                  text39       004916
_INLVLA                                                   (abs)        000404
_INLVLB                                                   (abs)        00040C
_INLVLC                                                   (abs)        000414
_INLVLD                                                   (abs)        00041C
_INLVLE                                                   (abs)        000424
_INTCON0bits                                              (abs)        0004D6
_INTERRUPT_Initialize                                     text20       00490A
_INTERRUPT_InterruptManager                               text34       00451E
_LATA                                                     (abs)        0004BE
_LATB                                                     (abs)        0004BF
_LATC                                                     (abs)        0004C0
_LATCbits                                                 (abs)        0004C0
_LATD                                                     (abs)        0004C1
_LATE                                                     (abs)        0004C2
_NVMADRH                                                  (abs)        000044
_NVMADRL                                                  (abs)        000043
_NVMADRU                                                  (abs)        000045
_NVMCON0bits                                              (abs)        000040
_NVMCON1bits                                              (abs)        000041
_NVMDATL                                                  (abs)        000046
_NVMLOCK                                                  (abs)        000042
_ODCONA                                                   (abs)        000402
_ODCONB                                                   (abs)        00040A
_ODCONC                                                   (abs)        000412
_ODCONCbits                                               (abs)        000412
_ODCOND                                                   (abs)        00041A
_ODCONE                                                   (abs)        000422
_OSCCON1                                                  (abs)        0000AD
_OSCCON3                                                  (abs)        0000AF
_OSCEN                                                    (abs)        0000B3
_OSCFRQ                                                   (abs)        0000B1
_OSCILLATOR_Initialize                                    text19       004846
_OSCTUNE                                                  (abs)        0000B0
_PIE3bits                                                 (abs)        0004A1
_PIE4bits                                                 (abs)        0004A2
_PIN_MANAGER_Initialize                                   text18       004452
_PIR15bits                                                (abs)        0004BD
_PIR1bits                                                 (abs)        0004AF
_PIR2bits                                                 (abs)        0004B0
_PIR3bits                                                 (abs)        0004B1
_PIR4bits                                                 (abs)        0004B2
_PMD0                                                     (abs)        000060
_PMD1                                                     (abs)        000061
_PMD2                                                     (abs)        000062
_PMD3                                                     (abs)        000063
_PMD4                                                     (abs)        000064
_PMD5                                                     (abs)        000065
_PMD6                                                     (abs)        000066
_PMD7                                                     (abs)        000067
_PMD8                                                     (abs)        000068
_PMD_Initialize                                           text17       00481A
_RB6PPS                                                   (abs)        00020F
_RD0PPS                                                   (abs)        000219
_SLRCONA                                                  (abs)        000403
_SLRCONB                                                  (abs)        00040B
_SLRCONC                                                  (abs)        000413
_SLRCOND                                                  (abs)        00041B
_SLRCONE                                                  (abs)        000423
_SYSTEM_Initialize                                        text10       0047E2
_T0CON0                                                   (abs)        00031A
_T0CON0bits                                               (abs)        00031A
_T0CON1                                                   (abs)        00031B
_TABLAT                                                   (abs)        0004F5
_TBLPTRH                                                  (abs)        0004F7
_TBLPTRL                                                  (abs)        0004F6
_TBLPTRU                                                  (abs)        0004F8
_TMR0H                                                    (abs)        000319
_TMR0L                                                    (abs)        000318
_TMR0_DefaultInterruptHandler                             text36       004914
_TMR0_ISR                                                 text35       0046E0
_TMR0_Initialize                                          text15       004792
_TMR0_InterruptHandler                                    nvBANK5      000569
_TMR0_SetInterruptHandler                                 text16       0048B4
_TMR0_StartTimer                                          text2        004904
_TMR0_uptime_ISR                                          text37       004830
_TRISA                                                    (abs)        0004C6
_TRISB                                                    (abs)        0004C7
_TRISC                                                    (abs)        0004C8
_TRISCbits                                                (abs)        0004C8
_TRISD                                                    (abs)        0004C9
_TRISE                                                    (abs)        0004CA
_U1BRGH                                                   (abs)        0002AF
_U1BRGL                                                   (abs)        0002AE
_U1CON0                                                   (abs)        0002AB
_U1CON0bits                                               (abs)        0002AB
_U1CON1                                                   (abs)        0002AC
_U1CON2                                                   (abs)        0002AD
_U1ERRIE                                                  (abs)        0002B3
_U1ERRIR                                                  (abs)        0002B2
_U1ERRIRbits                                              (abs)        0002B2
_U1FIFO                                                   (abs)        0002B0
_U1P1H                                                    (abs)        0002A6
_U1P1L                                                    (abs)        0002A5
_U1P2H                                                    (abs)        0002A8
_U1P2L                                                    (abs)        0002A7
_U1P3H                                                    (abs)        0002AA
_U1P3L                                                    (abs)        0002A9
_U1RXB                                                    (abs)        0002A1
_U1RXPPS                                                  (abs)        000272
_U1TXB                                                    (abs)        0002A3
_U1UIR                                                    (abs)        0002B1
_UART1_DefaultErrorHandler                                (abs)        000000
_UART1_DefaultFramingErrorHandler                         (abs)        000000
_UART1_DefaultOverrunErrorHandler                         (abs)        000000
_UART1_ErrorHandler                                       nvBANK5      000560
_UART1_FramingErrorHandler                                nvBANK5      000566
_UART1_Initialize                                         text11       0044C2
_UART1_OverrunErrorHandler                                nvBANK5      000563
_UART1_SetErrorHandler                                    text14       0048A6
_UART1_SetFramingErrorHandler                             text13       004898
_UART1_SetOverrunErrorHandler                             text12       00488A
_WPUA                                                     (abs)        000401
_WPUB                                                     (abs)        000409
_WPUC                                                     (abs)        000411
_WPUD                                                     (abs)        000419
_WPUE                                                     (abs)        000421
__HRAM                                                    (abs)        000000
__H__absolute__                                           __absolute__ 000000
__Habs1                                                   abs1         000000
__Hbank10                                                 bank10       000000
__Hbank11                                                 bank11       000000
__Hbank12                                                 bank12       000000
__Hbank13                                                 bank13       000000
__Hbank14                                                 bank14       000000
__Hbank15                                                 bank15       000000
__Hbank16                                                 bank16       000000
__Hbank17                                                 bank17       000000
__Hbank18                                                 bank18       000000
__Hbank19                                                 bank19       000000
__Hbank20                                                 bank20       000000
__Hbank21                                                 bank21       000000
__Hbank22                                                 bank22       000000
__Hbank23                                                 bank23       000000
__Hbank24                                                 bank24       000000
__Hbank25                                                 bank25       000000
__Hbank26                                                 bank26       000000
__Hbank27                                                 bank27       000000
__Hbank28                                                 bank28       000000
__Hbank29                                                 bank29       000000
__Hbank30                                                 bank30       000000
__Hbank31                                                 bank31       000000
__Hbank32                                                 bank32       000000
__Hbank33                                                 bank33       000000
__Hbank34                                                 bank34       000000
__Hbank35                                                 bank35       000000
__Hbank36                                                 bank36       000000
__Hbank37                                                 bank37       000000
__Hbank38                                                 bank38       000000
__Hbank39                                                 bank39       000000
__Hbank40                                                 bank40       000000
__Hbank41                                                 bank41       000000
__Hbank42                                                 bank42       000000
__Hbank43                                                 bank43       000000
__Hbank44                                                 bank44       000000
__Hbank45                                                 bank45       000000
__Hbank46                                                 bank46       000000
__Hbank47                                                 bank47       000000
__Hbank48                                                 bank48       000000
__Hbank49                                                 bank49       000000
__Hbank5                                                  bank5        000000
__Hbank50                                                 bank50       000000
__Hbank51                                                 bank51       000000
__Hbank52                                                 bank52       000000
__Hbank53                                                 bank53       000000
__Hbank54                                                 bank54       000000
__Hbank6                                                  bank6        000000
__Hbank7                                                  bank7        000000
__Hbank8                                                  bank8        000000
__Hbank9                                                  bank9        000000
__Hbigbss                                                 bigbss       000000
__Hbigdata                                                bigdata      000000
__Hbigram                                                 bigram       000000
__Hbigsfr                                                 bigsfr       000000
__Hbss                                                    bss          000000
__HbssBANK5                                               bssBANK5     000000
__HbssCOMRAM                                              bssCOMRAM    000000
__Hcinit                                                  cinit        000000
__Hclrtext                                                clrtext      000000
__Hcomram                                                 comram       000000
__Hconfig                                                 config       30001F
__Hconst                                                  const        000000
__HcstackBANK5                                            cstackBANK5  000000
__HcstackCOMRAM                                           cstackCOMRAM 000000
__Hdata                                                   data         000000
__HdataCOMRAM                                             dataCOMRAM   000000
__Heeprom_data                                            eeprom_data  000000
__Hfarbss                                                 farbss       000000
__Hfardata                                                fardata      000000
__Hheap                                                   heap         000000
__Hibigdata                                               ibigdata     000000
__Hidata                                                  idata        000000
__HidataCOMRAM                                            idataCOMRAM  000000
__Hidloc                                                  idloc        000000
__Hifardata                                               ifardata     000000
__Hinit                                                   init         00001E
__Hintsave_regs                                           intsave_regs 000000
__Hirdata                                                 irdata       000000
__Hivt0x8                                                 ivt0x8       00001A
__Hmediumconst                                            mediumconst  000000
__HnvBANK5                                                nvBANK5      000000
__HnvCOMRAM                                               nvCOMRAM     000000
__HnvFARRAM                                               nvFARRAM     000000
__Hnvbit                                                  nvbit        000000
__Hnvrram                                                 nvrram       000000
__Hparam                                                  rparam       000000
__Hpowerup                                                powerup      000000
__Hram                                                    ram          000000
__Hramtop                                                 ramtop       004000
__Hrbit                                                   rbit         000000
__Hrbss                                                   rbss         000000
__Hrdata                                                  rdata        000000
__Hreset_vec                                              reset_vec    000006
__Hrparam                                                 rparam       000000
__Hsfr                                                    sfr          000000
__Hsmallconst                                             smallconst   00400E
__Hspace_0                                                (abs)        004918
__Hspace_1                                                (abs)        000579
__Hspace_2                                                (abs)        000000
__Hspace_4                                                (abs)        60001F
__Hstack                                                  stack        000000
__Hstruct                                                 struct       000000
__Htemp                                                   temp         000000
__Htext                                                   text         000000
__Htext0                                                  text0        000000
__Htext1                                                  text1        000000
__Htext10                                                 text10       000000
__Htext11                                                 text11       000000
__Htext12                                                 text12       000000
__Htext13                                                 text13       000000
__Htext14                                                 text14       000000
__Htext15                                                 text15       000000
__Htext16                                                 text16       000000
__Htext17                                                 text17       000000
__Htext18                                                 text18       000000
__Htext19                                                 text19       000000
__Htext2                                                  text2        000000
__Htext20                                                 text20       000000
__Htext21                                                 text21       000000
__Htext22                                                 text22       000000
__Htext23                                                 text23       000000
__Htext24                                                 text24       000000
__Htext25                                                 text25       000000
__Htext26                                                 text26       000000
__Htext27                                                 text27       000000
__Htext28                                                 text28       000000
__Htext29                                                 text29       000000
__Htext3                                                  text3        000000
__Htext30                                                 text30       000000
__Htext31                                                 text31       000000
__Htext32                                                 text32       000000
__Htext33                                                 text33       000000
__Htext34                                                 text34       000000
__Htext35                                                 text35       000000
__Htext36                                                 text36       000000
__Htext37                                                 text37       000000
__Htext38                                                 text38       000000
__Htext39                                                 text39       000000
__Htext4                                                  text4        000000
__Htext5                                                  text5        000000
__Htext6                                                  text6        000000
__Htext7                                                  text7        000000
__Htext8                                                  text8        000000
__Htext9                                                  text9        000000
__LRAM                                                    (abs)        000001
__L__absolute__                                           __absolute__ 000000
__Labs1                                                   abs1         000000
__Lbank10                                                 bank10       000000
__Lbank11                                                 bank11       000000
__Lbank12                                                 bank12       000000
__Lbank13                                                 bank13       000000
__Lbank14                                                 bank14       000000
__Lbank15                                                 bank15       000000
__Lbank16                                                 bank16       000000
__Lbank17                                                 bank17       000000
__Lbank18                                                 bank18       000000
__Lbank19                                                 bank19       000000
__Lbank20                                                 bank20       000000
__Lbank21                                                 bank21       000000
__Lbank22                                                 bank22       000000
__Lbank23                                                 bank23       000000
__Lbank24                                                 bank24       000000
__Lbank25                                                 bank25       000000
__Lbank26                                                 bank26       000000
__Lbank27                                                 bank27       000000
__Lbank28                                                 bank28       000000
__Lbank29                                                 bank29       000000
__Lbank30                                                 bank30       000000
__Lbank31                                                 bank31       000000
__Lbank32                                                 bank32       000000
__Lbank33                                                 bank33       000000
__Lbank34                                                 bank34       000000
__Lbank35                                                 bank35       000000
__Lbank36                                                 bank36       000000
__Lbank37                                                 bank37       000000
__Lbank38                                                 bank38       000000
__Lbank39                                                 bank39       000000
__Lbank40                                                 bank40       000000
__Lbank41                                                 bank41       000000
__Lbank42                                                 bank42       000000
__Lbank43                                                 bank43       000000
__Lbank44                                                 bank44       000000
__Lbank45                                                 bank45       000000
__Lbank46                                                 bank46       000000
__Lbank47                                                 bank47       000000
__Lbank48                                                 bank48       000000
__Lbank49                                                 bank49       000000
__Lbank5                                                  bank5        000000
__Lbank50                                                 bank50       000000
__Lbank51                                                 bank51       000000
__Lbank52                                                 bank52       000000
__Lbank53                                                 bank53       000000
__Lbank54                                                 bank54       000000
__Lbank6                                                  bank6        000000
__Lbank7                                                  bank7        000000
__Lbank8                                                  bank8        000000
__Lbank9                                                  bank9        000000
__Lbigbss                                                 bigbss       000000
__Lbigdata                                                bigdata      000000
__Lbigram                                                 bigram       000000
__Lbigsfr                                                 bigsfr       000000
__Lbss                                                    bss          000000
__LbssBANK5                                               bssBANK5     000000
__LbssCOMRAM                                              bssCOMRAM    000000
__Lcinit                                                  cinit        000000
__Lclrtext                                                clrtext      000000
__Lcomram                                                 comram       000000
__Lconfig                                                 config       000000
__Lconst                                                  const        000000
__LcstackBANK5                                            cstackBANK5  000000
__LcstackCOMRAM                                           cstackCOMRAM 000000
__Ldata                                                   data         000000
__LdataCOMRAM                                             dataCOMRAM   000000
__Leeprom_data                                            eeprom_data  000000
__Lfarbss                                                 farbss       000000
__Lfardata                                                fardata      000000
__Lheap                                                   heap         000000
__Libigdata                                               ibigdata     000000
__Lidata                                                  idata        000000
__LidataCOMRAM                                            idataCOMRAM  000000
__Lidloc                                                  idloc        000000
__Lifardata                                               ifardata     000000
__Linit                                                   init         00001A
__Lintsave_regs                                           intsave_regs 000000
__Lirdata                                                 irdata       000000
__Livt0x8                                                 ivt0x8       000008
__Lmediumconst                                            mediumconst  000000
__LnvBANK5                                                nvBANK5      000000
__LnvCOMRAM                                               nvCOMRAM     000000
__LnvFARRAM                                               nvFARRAM     000000
__Lnvbit                                                  nvbit        000000
__Lnvrram                                                 nvrram       000000
__Lparam                                                  rparam       000000
__Lpowerup                                                powerup      000000
__Lram                                                    ram          000000
__Lramtop                                                 ramtop       004000
__Lrbit                                                   rbit         000000
__Lrbss                                                   rbss         000000
__Lrdata                                                  rdata        000000
__Lreset_vec                                              reset_vec    000000
__Lrparam                                                 rparam       000000
__Lsfr                                                    sfr          000000
__Lsmallconst                                             smallconst   004000
__Lspace_0                                                (abs)        000000
__Lspace_1                                                (abs)        000000
__Lspace_2                                                (abs)        000000
__Lspace_4                                                (abs)        000000
__Lstack                                                  stack        000000
__Lstruct                                                 struct       000000
__Ltemp                                                   temp         000000
__Ltext                                                   text         000000
__Ltext0                                                  text0        000000
__Ltext1                                                  text1        000000
__Ltext10                                                 text10       000000
__Ltext11                                                 text11       000000
__Ltext12                                                 text12       000000
__Ltext13                                                 text13       000000
__Ltext14                                                 text14       000000
__Ltext15                                                 text15       000000
__Ltext16                                                 text16       000000
__Ltext17                                                 text17       000000
__Ltext18                                                 text18       000000
__Ltext19                                                 text19       000000
__Ltext2                                                  text2        000000
__Ltext20                                                 text20       000000
__Ltext21                                                 text21       000000
__Ltext22                                                 text22       000000
__Ltext23                                                 text23       000000
__Ltext24                                                 text24       000000
__Ltext25                                                 text25       000000
__Ltext26                                                 text26       000000
__Ltext27                                                 text27       000000
__Ltext28                                                 text28       000000
__Ltext29                                                 text29       000000
__Ltext3                                                  text3        000000
__Ltext30                                                 text30       000000
__Ltext31                                                 text31       000000
__Ltext32                                                 text32       000000
__Ltext33                                                 text33       000000
__Ltext34                                                 text34       000000
__Ltext35                                                 text35       000000
__Ltext36                                                 text36       000000
__Ltext37                                                 text37       000000
__Ltext38                                                 text38       000000
__Ltext39                                                 text39       000000
__Ltext4                                                  text4        000000
__Ltext5                                                  text5        000000
__Ltext6                                                  text6        000000
__Ltext7                                                  text7        000000
__Ltext8                                                  text8        000000
__Ltext9                                                  text9        000000
__S0                                                      (abs)        004918
__S1                                                      (abs)        000579
__S4                                                      (abs)        000000
__S5                                                      (abs)        000000
___heap_hi                                                (abs)        000000
___heap_lo                                                (abs)        000000
___inthi_sp                                               stack        000000
___inthi_stack_hi                                         stack        000000
___inthi_stack_lo                                         stack        000000
___intlo_sp                                               stack        000000
___intlo_stack_hi                                         stack        000000
___intlo_stack_lo                                         stack        000000
___param_bank                                             (abs)        000000
___rparam_used                                            (abs)        000001
___sp                                                     stack        000000
___stack_hi                                               stack        000000
___stack_lo                                               stack        000000
__accesstop                                               (abs)        000560
__activetblptr                                            (abs)        000003
__anim_timestamp                                          bssCOMRAM    000540
__end_of_ADC_Initialize                                   text30       004452
__end_of_ADC_SetADIInterruptHandler                       text33       0048FA
__end_of_ADC_SetActiveClockTuningInterruptHandler         text32       0048EC
__end_of_ADC_SetContext1ThresholdInterruptHandler         text31       0048DE
__end_of_CAN1_BitRateConfiguration                        text29       00486A
__end_of_CAN1_Initialize                                  text21       00461C
__end_of_CAN1_OperationModeGet                            text28       004904
__end_of_CAN1_OperationModeSet                            text27       004350
__end_of_CAN1_RXI_ISR                                     text38       004740
__end_of_CAN1_RX_FIFO_Configuration                       text25       00476A
__end_of_CAN1_RX_FIFO_FilterMaskConfiguration             text24       004914
__end_of_CAN1_RX_FIFO_ResetInfo                           text23       0047E2
__end_of_CAN1_SetFIFO1FullHandler                         text26       0048D0
__end_of_CAN1_TX_FIFO_Configuration                       text22       00488A
__end_of_DLC_BYTES                                        smallconst   00400A
__end_of_DefaultFIFO1FullHandler                          text39       004918
__end_of_FIFO                                             smallconst   00400C
__end_of_INTERRUPT_Initialize                             text20       00490E
__end_of_INTERRUPT_InterruptManager                       text34       004574
__end_of_OSCILLATOR_Initialize                            text19       004858
__end_of_PIN_MANAGER_Initialize                           text18       0044C2
__end_of_PMD_Initialize                                   text17       004830
__end_of_SYSTEM_Initialize                                text10       004804
__end_of_TMR0_DefaultInterruptHandler                     text36       004916
__end_of_TMR0_ISR                                         text35       004714
__end_of_TMR0_Initialize                                  text15       0047BA
__end_of_TMR0_SetInterruptHandler                         text16       0048C2
__end_of_TMR0_StartTimer                                  text2        00490A
__end_of_TMR0_uptime_ISR                                  text37       004846
__end_of_UART1_Initialize                                 text11       00451E
__end_of_UART1_SetErrorHandler                            text14       0048B4
__end_of_UART1_SetFramingErrorHandler                     text13       0048A6
__end_of_UART1_SetOverrunErrorHandler                     text12       004898
__end_of__initialization                                  cinit        004660
__end_of_disp_get_led_bars                                text7        0043D4
__end_of_disp_init                                        text8        0045C8
__end_of_disp_set_number                                  text3        00487A
__end_of_disp_update                                      text5        0041F4
__end_of_main                                             text0        004792
__end_of_millis                                           text9        0046AC
__end_of_millis_setup                                     text1        00481A
__end_of_set_disp_mode                                    text4        0046E0
__end_of_set_led                                          text6        0042CA
__init_start_time                                         bssCOMRAM    000538
__initialization                                          cinit        00461C
__mediumconst                                             smallconst   004000
__mode                                                    dataCOMRAM   00055C
__num                                                     bssCOMRAM    000551
__pbssBANK5                                               bssBANK5     00056F
__pbssCOMRAM                                              bssCOMRAM    000530
__pcinit                                                  cinit        00461C
__pcstackBANK5                                            cstackBANK5  000577
__pcstackCOMRAM                                           cstackCOMRAM 000501
__pdataCOMRAM                                             dataCOMRAM   00055A
__pidataCOMRAM                                            idataCOMRAM  00490E
__pivt0x8                                                 ivt0x8       000008
__pnvBANK5                                                nvBANK5      000560
__pnvCOMRAM                                               nvCOMRAM     000554
__psmallconst                                             smallconst   004000
__ptext0                                                  text0        00476A
__ptext1                                                  text1        004804
__ptext10                                                 text10       0047E2
__ptext11                                                 text11       0044C2
__ptext12                                                 text12       00488A
__ptext13                                                 text13       004898
__ptext14                                                 text14       0048A6
__ptext15                                                 text15       004792
__ptext16                                                 text16       0048B4
__ptext17                                                 text17       00481A
__ptext18                                                 text18       004452
__ptext19                                                 text19       004846
__ptext2                                                  text2        004904
__ptext20                                                 text20       00490A
__ptext21                                                 text21       0045C8
__ptext22                                                 text22       00487A
__ptext23                                                 text23       0047BA
__ptext24                                                 text24       004912
__ptext25                                                 text25       004740
__ptext26                                                 text26       0048C2
__ptext27                                                 text27       0042CA
__ptext28                                                 text28       0048FA
__ptext29                                                 text29       004858
__ptext3                                                  text3        00486A
__ptext30                                                 text30       0043D4
__ptext31                                                 text31       0048D0
__ptext32                                                 text32       0048DE
__ptext33                                                 text33       0048EC
__ptext34                                                 text34       00451E
__ptext35                                                 text35       0046E0
__ptext36                                                 text36       004914
__ptext37                                                 text37       004830
__ptext38                                                 text38       004714
__ptext39                                                 text39       004916
__ptext4                                                  text4        0046AC
__ptext5                                                  text5        00400E
__ptext6                                                  text6        0041F4
__ptext7                                                  text7        004350
__ptext8                                                  text8        004574
__ptext9                                                  text9        004666
__ramtop                                                  ramtop       004000
__smallconst                                              smallconst   004000
__soc                                                     bssCOMRAM    000552
_anim_state                                               bssCOMRAM    00054B
_bufferRAM                                                (abs)        003700
_charging                                                 bssCOMRAM    000550
_critical                                                 bssCOMRAM    00054F
_disp_get_led_bars                                        text7        004350
_disp_init                                                text8        004574
_disp_set_number                                          text3        00486A
_disp_update                                              text5        00400E
_empty                                                    bssCOMRAM    00054E
_init                                                     bssCOMRAM    00054D
_main                                                     text0        00476A
_millis                                                   text9        004666
_millis_setup                                             text1        004804
_rxFifos                                                  dataCOMRAM   00055A
_rxMsgData                                                bssBANK5     00056F
_set_disp_mode                                            text4        0046AC
_set_led                                                  text6        0041F4
_uart1RxLastError                                         bssCOMRAM    000553
_uptime                                                   bssCOMRAM    000530
disp_get_led_bars@led_bars                                cstackCOMRAM 000518
disp_get_led_bars@led_no                                  cstackCOMRAM 000519
disp_set_number@num                                       cstackBANK5  000577
disp_update@bit                                           cstackCOMRAM 00052F
disp_update@i                                             cstackCOMRAM 00052B
disp_update@i_2070                                        cstackCOMRAM 00052D
disp_update@now                                           cstackCOMRAM 000523
end_of_initialization                                     cinit        004660
intlevel0                                                 text         000000
intlevel1                                                 text         000000
intlevel2                                                 text         000000
intlevel3                                                 text         000000
isa$std                                                   (abs)        000001
isa$xinst                                                 (abs)        000000
ivt0x8_base                                               ivt0x8       000008
millis@ret                                                cstackCOMRAM 00050B
set_disp_mode@mode                                        cstackCOMRAM 000513
set_led@led_no                                            cstackCOMRAM 000503
set_led@val                                               cstackCOMRAM 000505
stackhi                                                   (abs)        000000
stacklo                                                   (abs)        000000
start                                                     init         00001A
start_initialization                                      cinit        00461C


MODULE INFORMATION

Module		Function		Class		Link	Load	Size
mcc_generated_files/can1.c
		_CAN1_BitRateConfiguration		CODE           	4858	0000	18
		_CAN1_TX_FIFO_Configuration		CODE           	487A	0000	16
		_CAN1_OperationModeGet		CODE           	48FA	0000	10
		_CAN1_SetFIFO1FullHandler		CODE           	48C2	0000	14
		_CAN1_Initialize		CODE           	45C8	0000	84
		_CAN1_RX_FIFO_FilterMaskConfiguration		CODE           	4912	0000	2
		_CAN1_RX_FIFO_Configuration		CODE           	4740	0000	42
		_DefaultFIFO1FullHandler		CODE           	4916	0000	2
		_CAN1_RX_FIFO_ResetInfo		CODE           	47BA	0000	40
		_CAN1_OperationModeSet		CODE           	42CA	0000	134
		_CAN1_RXI_ISR  		CODE           	4714	0000	44

mcc_generated_files/can1.c estimated size: 406

mcc_generated_files/interrupt_manager.c
		_INTERRUPT_Initialize		CODE           	490A	0000	4
		_INTERRUPT_InterruptManager		CODE           	451E	0000	86

mcc_generated_files/interrupt_manager.c estimated size: 90

millis.c
		_millis        		CODE           	4666	0000	70
		_TMR0_uptime_ISR		CODE           	4830	0000	22
		_millis_setup  		CODE           	4804	0000	22

millis.c estimated size: 114

mcc_generated_files/tmr0.c
		_TMR0_SetInterruptHandler		CODE           	48B4	0000	14
		_TMR0_DefaultInterruptHandler		CODE           	4914	0000	2
		_TMR0_StartTimer		CODE           	4904	0000	6
		_TMR0_ISR      		CODE           	46E0	0000	52
		_TMR0_Initialize		CODE           	4792	0000	40

mcc_generated_files/tmr0.c estimated size: 114

mcc_generated_files/pin_manager.c
		_PIN_MANAGER_Initialize		CODE           	4452	0000	112

mcc_generated_files/pin_manager.c estimated size: 112

indicator_lights.c
		_disp_init     		CODE           	4574	0000	84
		_set_disp_mode 		CODE           	46AC	0000	52
		_disp_get_led_bars		CODE           	4350	0000	132
		_disp_update   		CODE           	400E	0000	486
		_set_led       		CODE           	41F4	0000	214
		_disp_set_number		CODE           	486A	0000	16

indicator_lights.c estimated size: 984

mcc_generated_files/adc.c
		_ADC_Initialize		CODE           	43D4	0000	126
		_ADC_SetActiveClockTuningInterruptHandler		CODE           	48DE	0000	14
		_ADC_SetADIInterruptHandler		CODE           	48EC	0000	14
		_ADC_SetContext1ThresholdInterruptHandler		CODE           	48D0	0000	14

mcc_generated_files/adc.c estimated size: 168

mcc_generated_files/uart1.c
		_UART1_SetFramingErrorHandler		CODE           	4898	0000	14
		_UART1_SetOverrunErrorHandler		CODE           	488A	0000	14
		_UART1_Initialize		CODE           	44C2	0000	92
		_UART1_SetErrorHandler		CODE           	48A6	0000	14

mcc_generated_files/uart1.c estimated size: 134

shared
		_FIFO          		SMALLCONST     	0000	0000	0
		_DLC_BYTES     		SMALLCONST     	4001	0000	9
		__initialization		CODE           	461C	0000	68

shared estimated size: 77

mcc_generated_files/mcc.c
		_PMD_Initialize		CODE           	481A	0000	22
		_OSCILLATOR_Initialize		CODE           	4846	0000	18
		_SYSTEM_Initialize		CODE           	47E2	0000	34

mcc_generated_files/mcc.c estimated size: 74

tests/indicator_test_main.c
		_main          		CODE           	476A	0000	40

tests/indicator_test_main.c estimated size: 40

